MPLINK 3.90, Linker
Linker Map File - Created Thu Mar 03 12:55:50 2005

                                 Section Info
                  Section       Type    Address   Location Size(Bytes)
                ---------  ---------  ---------  ---------  ---------
               _entry_scn       code   0x000800    program   0x000006
       .code__user_putc.o       code   0x000806    program   0x000002
      InterruptVectorHigh       code   0x000808    program   0x000006
          .code_adcbusy.o       code   0x00080e    program   0x00000a
       InterruptVectorLow       code   0x000818    program   0x000006
                   .cinit    romdata   0x00081e    program   0x000056
      .code_user_camera.o       code   0x000874    program   0x000e0a
         .code_vfprintf.o       code   0x00167e    program   0x000c22
    .code_user_routines.o       code   0x0022a0    program   0x000bfe
      .code_ifi_library.o       code   0x002e9e    program   0x000750
   .code_user_SerialDrv.o       code   0x0035ee    program   0x000626
                     PROG       code   0x003c14    program   0x000594
.code_autonomous_mode_1.o       code   0x0041a8    program   0x000552
                 UTIL_LIB       code   0x0046fa    program   0x000396
.code_user_routines_fast.o       code   0x004a90    program   0x0002e0
            .code_fchop.o       code   0x004d70    program   0x00028e
    .code_ifi_utilities.o       code   0x004ffe    program   0x00027a
.romdata_autonomous_mode_1.o    romdata   0x005278    program   0x00019a
                   STRING       code   0x005412    program   0x000138
.code_autonomous_mode_4.o       code   0x00554a    program   0x000120
         .code_UnpkMath.o       code   0x00566a    program   0x00011c
             .stringtable    romdata   0x005786    program   0x00011a
         .code_PackMath.o       code   0x0058a0    program   0x00011a
            .code_floor.o       code   0x0059ba    program   0x00010c
               _cinit_scn       code   0x005ac6    program   0x00009e
           .code_printf.o       code   0x005b64    program   0x000094
             .code_putc.o       code   0x005bf8    program   0x000084
          .code_fxm3232.o       code   0x005c7c    program   0x000070
         .code_spi_open.o       code   0x005cec    program   0x000066
           .code_u2open.o       code   0x005d52    program   0x000064
           .code_u1open.o       code   0x005db6    program   0x000064
          .code_adcopen.o       code   0x005e1a    program   0x000062
   .romdata_user_camera.o    romdata   0x005e7c    program   0x000054
.code_autonomous_mode_0.o       code   0x005ed0    program   0x000050
.code_autonomous_mode_5.o       code   0x005f20    program   0x00004c
.code_autonomous_mode_3.o       code   0x005f6c    program   0x00004c
.code_autonomous_mode_2.o       code   0x005fb8    program   0x00004c
         .code_fxd3232u.o       code   0x006004    program   0x000048
          .code_adcread.o       code   0x00604c    program   0x00003e
         .code_fxd1616u.o       code   0x00608a    program   0x00002c
             .code_main.o       code   0x0060b6    program   0x000028
                    CTYPE       code   0x0060de    program   0x000024
             _startup_scn       code   0x006102    program   0x000020
              D1KTCYXCODE       code   0x006122    program   0x000020
                    STDIO       code   0x006142    program   0x00001c
         .code_fxd0808u.o       code   0x00615e    program   0x00001c
              D10TCYXCODE       code   0x00617a    program   0x000016
      .romdata_vfprintf.o    romdata   0x006190    program   0x000011
       .romdata_adcread.o    romdata   0x0061a1    program   0x000000
          .idata_putc.o_i    romdata   0x0061a1    program   0x000000
        .romdata_u2open.o    romdata   0x0061a1    program   0x000000
      .romdata_spi_open.o    romdata   0x0061a1    program   0x000000
      .idata_spi_open.o_i    romdata   0x0061a1    program   0x000000
    .romdata__user_putc.o    romdata   0x0061a1    program   0x000000
       .romdata_adcopen.o    romdata   0x0061a1    program   0x000000
          .romdata_putc.o    romdata   0x0061a1    program   0x000000
         .idata_floor.o_i    romdata   0x0061a1    program   0x000000
         .romdata_floor.o    romdata   0x0061a1    program   0x000000
       .romdata_fxm3232.o    romdata   0x0061a1    program   0x000000
         .idata_fchop.o_i    romdata   0x0061a1    program   0x000000
         .romdata_fchop.o    romdata   0x0061a1    program   0x000000
       .idata_fxm3232.o_i    romdata   0x0061a1    program   0x000000
      .romdata_fxd3232u.o    romdata   0x0061a1    program   0x000000
      .romdata_PackMath.o    romdata   0x0061a1    program   0x000000
      .idata_fxd3232u.o_i    romdata   0x0061a1    program   0x000000
      .romdata_UnpkMath.o    romdata   0x0061a1    program   0x000000
         .idata_errno.o_i    romdata   0x0061a1    program   0x000000
         .romdata_errno.o    romdata   0x0061a1    program   0x000000
        .idata_printf.o_i    romdata   0x0061a1    program   0x000000
        .romdata_printf.o    romdata   0x0061a1    program   0x000000
      .idata_vfprintf.o_i    romdata   0x0061a1    program   0x000000
        .romdata_stdout.o    romdata   0x0061a1    program   0x000000
       .romdata_adcbusy.o    romdata   0x0061a1    program   0x000000
.romdata_autonomous_mode_4.o    romdata   0x0061a1    program   0x000000
.idata_autonomous_mode_4.o_i    romdata   0x0061a1    program   0x000001
.romdata_autonomous_mode_2.o    romdata   0x0061a1    program   0x000000
.romdata_autonomous_mode_3.o    romdata   0x0061a1    program   0x000000
.romdata_autonomous_mode_5.o    romdata   0x0061a1    program   0x000000
.idata_autonomous_mode_5.o_i    romdata   0x0061a1    program   0x000000
.romdata_autonomous_mode_0.o    romdata   0x0061a1    program   0x000000
   .romdata_ifi_startup.o    romdata   0x0061a1    program   0x000000
   .idata_ifi_startup.o_i    romdata   0x0061a1    program   0x000000
 .romdata_ifi_utilities.o    romdata   0x0061a1    program   0x000000
.romdata_user_routines_fast.o    romdata   0x0061a1    program   0x000000
 .romdata_user_routines.o    romdata   0x0061a1    program   0x000000
.romdata_user_SerialDrv.o    romdata   0x0061a1    program   0x000000
.idata_user_SerialDrv.o_i    romdata   0x0061a1    program   0x000000
          .romdata_main.o    romdata   0x0061a1    program   0x000000
          .idata_main.o_i    romdata   0x0061a1    program   0x000000
      .romdata_fxd1616u.o    romdata   0x0061a1    program   0x000000
      .idata_fxd1616u.o_i    romdata   0x0061a1    program   0x000000
      .romdata_fxd0808u.o    romdata   0x0061a1    program   0x000000
   .idata_ifi_library.o_i    romdata   0x0061a1    program   0x000000
      .idata_fxd0808u.o_i    romdata   0x0061a1    program   0x000000
       .romdata_adcconv.o    romdata   0x0061a1    program   0x000000
   .romdata_ifi_library.o    romdata   0x0061a1    program   0x000000
        .idata_u2open.o_i    romdata   0x0061a1    program   0x000000
        .romdata_u1open.o    romdata   0x0061a1    program   0x000000
      .romdata_adcclose.o    romdata   0x0061a1    program   0x000000
        .idata_u1open.o_i    romdata   0x0061a1    program   0x000000
         .code_adcclose.o       code   0x0061a2    program   0x000006
           MHS166_PROFILE    romdata   0x0061a8    program   0x000004
          .code_adcconv.o       code   0x0061ac    program   0x000004
.idata_user_routines_fast.o_i    romdata   0x0061b0    program   0x00000c
 .idata_user_routines.o_i    romdata   0x0061bc    program   0x000017
   .idata_user_camera.o_i    romdata   0x0061d3    program   0x00000e
        .idata_stdout.o_i    romdata   0x0061e1    program   0x000002
 .idata_ifi_utilities.o_i    romdata   0x0061e3    program   0x000004
.idata_autonomous_mode_1.o_i    romdata   0x0061e7    program   0x000006
.idata_autonomous_mode_3.o_i    romdata   0x0061e7    program   0x000000
.idata_autonomous_mode_2.o_i    romdata   0x0061e7    program   0x000000
       .idata_adcopen.o_i    romdata   0x0061ed    program   0x000000
    .idata__user_putc.o_i    romdata   0x0061ed    program   0x000000
.idata_autonomous_mode_0.o_i    romdata   0x0061ed    program   0x000000
       .idata_adcread.o_i    romdata   0x0061ed    program   0x000000
       .idata_adcconv.o_i    romdata   0x0061ed    program   0x000000
      .idata_UnpkMath.o_i    romdata   0x0061ed    program   0x000000
       .idata_adcbusy.o_i    romdata   0x0061ed    program   0x000000
      .idata_adcclose.o_i    romdata   0x0061ed    program   0x000000
      .idata_PackMath.o_i    romdata   0x0061ed    program   0x000000
      .code_ifi_startup.o       code   0x0061ee    program   0x000000
           .code_stdout.o       code   0x0061ee    program   0x000000
            .code_errno.o       code   0x0061ee    program   0x000000
                  .config       code   0x300000    program   0x00000e
                  SPI_VAR      udata   0x000000       data   0x000017
                MATH_DATA      udata   0x000017       data   0x000014
                 .tmpdata      udata   0x00002b       data   0x00000e
                DELAYDAT1      udata   0x000039       data   0x000001
                 COPY_VAR      udata   0x000080       data   0x000080
   .udata_ifi_utilities.o      udata   0x000100       data   0x000058
     .udata_user_camera.o      udata   0x000158       data   0x000056
            .udata_main.o      udata   0x0001ae       data   0x000041
     .idata_user_camera.o      idata   0x0001ef       data   0x00000e
           .udata_errno.o      udata   0x0001fd       data   0x000002
.idata_autonomous_mode_4.o      idata   0x0001ff       data   0x000001
.udata_autonomous_mode_1.o      udata   0x000200       data   0x00002d
.udata_user_routines_fast.o      udata   0x00022d       data   0x000019
   .idata_user_routines.o      idata   0x000246       data   0x000017
.idata_user_routines_fast.o      idata   0x00025d       data   0x00000c
     .udata_ifi_startup.o      udata   0x000269       data   0x00000a
.idata_autonomous_mode_1.o      idata   0x000273       data   0x000006
   .idata_ifi_utilities.o      idata   0x000279       data   0x000004
                   .stack      udata   0x000600       data   0x000100
  .udata_user_SerialDrv.o      udata   0x000700       data   0x0000de
     .udata_ifi_library.o      udata   0x0007de       data   0x00000d
   .udata_user_routines.o      udata   0x0007eb       data   0x000006
          .idata_stdout.o      idata   0x0007f1       data   0x000002
        .udata_spi_open.o      udata   0x0007f3       data   0x000000
        .idata_spi_open.o      idata   0x0007f3       data   0x000000
         .udata_adcread.o      udata   0x0007f3       data   0x000000
         .idata_adcread.o      idata   0x0007f3       data   0x000000
           .udata_floor.o      udata   0x0007f3       data   0x000000
           .idata_floor.o      idata   0x0007f3       data   0x000000
           .udata_fchop.o      udata   0x0007f3       data   0x000000
           .idata_fchop.o      idata   0x0007f3       data   0x000000
        .udata_PackMath.o      udata   0x0007f3       data   0x000000
        .idata_PackMath.o      idata   0x0007f3       data   0x000000
        .udata_UnpkMath.o      udata   0x0007f3       data   0x000000
        .idata_UnpkMath.o      idata   0x0007f3       data   0x000000
           .idata_errno.o      idata   0x0007f3       data   0x000000
          .udata_printf.o      udata   0x0007f3       data   0x000000
          .idata_printf.o      idata   0x0007f3       data   0x000000
          .udata_stdout.o      udata   0x0007f3       data   0x000000
        .udata_vfprintf.o      udata   0x0007f3       data   0x000000
        .idata_vfprintf.o      idata   0x0007f3       data   0x000000
        .udata_fxd3232u.o      udata   0x0007f3       data   0x000000
        .idata_fxd3232u.o      idata   0x0007f3       data   0x000000
         .udata_fxm3232.o      udata   0x0007f3       data   0x000000
         .idata_fxm3232.o      idata   0x0007f3       data   0x000000
            .udata_putc.o      udata   0x0007f3       data   0x000000
            .idata_putc.o      idata   0x0007f3       data   0x000000
      .udata__user_putc.o      udata   0x0007f3       data   0x000000
      .idata__user_putc.o      idata   0x0007f3       data   0x000000
            .idata_main.o      idata   0x0007f3       data   0x000000
.udata_autonomous_mode_5.o      udata   0x0007f3       data   0x000000
.idata_autonomous_mode_5.o      idata   0x0007f3       data   0x000000
.udata_autonomous_mode_3.o      udata   0x0007f3       data   0x000000
.idata_autonomous_mode_3.o      idata   0x0007f3       data   0x000000
.udata_autonomous_mode_2.o      udata   0x0007f3       data   0x000000
.idata_autonomous_mode_2.o      idata   0x0007f3       data   0x000000
.udata_autonomous_mode_4.o      udata   0x0007f3       data   0x000000
.idata_autonomous_mode_0.o      idata   0x0007f3       data   0x000000
.udata_autonomous_mode_0.o      udata   0x0007f3       data   0x000000
         .udata_adcbusy.o      udata   0x0007f3       data   0x000000
         .idata_adcbusy.o      idata   0x0007f3       data   0x000000
     .idata_ifi_startup.o      idata   0x0007f3       data   0x000000
        .udata_adcclose.o      udata   0x0007f3       data   0x000000
        .idata_adcclose.o      idata   0x0007f3       data   0x000000
         .udata_adcconv.o      udata   0x0007f3       data   0x000000
         .idata_adcconv.o      idata   0x0007f3       data   0x000000
  .idata_user_SerialDrv.o      idata   0x0007f3       data   0x000000
        .udata_fxd0808u.o      udata   0x0007f3       data   0x000000
        .idata_fxd0808u.o      idata   0x0007f3       data   0x000000
        .udata_fxd1616u.o      udata   0x0007f3       data   0x000000
        .idata_fxd1616u.o      idata   0x0007f3       data   0x000000
     .idata_ifi_library.o      idata   0x0007f3       data   0x000000
          .udata_u1open.o      udata   0x0007f3       data   0x000000
          .idata_u1open.o      idata   0x0007f3       data   0x000000
          .udata_u2open.o      udata   0x0007f3       data   0x000000
          .idata_u2open.o      idata   0x0007f3       data   0x000000
         .udata_adcopen.o      udata   0x0007f3       data   0x000000
         .idata_adcopen.o      idata   0x0007f3       data   0x000000
            SFR_UNBANKED0      udata   0x000f6b       data   0x000095



                              Program Memory Usage 
                               Start         End      
                           ---------   ---------      
                            0x000800    0x0061ec      
                            0x300000    0x30000d      
            23035 out of 33816 program addresses used, program memory utilization is 68%



                              Symbols - Sorted by Name
                     Name    Address   Location    Storage File                     
                ---------  ---------  ---------  --------- ---------                
                  Adj_lp4   0x004a86    program     static C:\mcc18\Projects\FrcCode\FrcCode\Util_lib.asm
                  Adjust4   0x004a82    program     static C:\mcc18\Projects\FrcCode\FrcCode\Util_lib.asm
          Breaker_Tripped   0x003b28    program     extern C:\FIRST_2005\223v2\user_SerialDrv.c
                  BusyADC   0x00080e    program     extern C:\mcc18\src\TRADIT~1\pmc\ADC\adcbusy.c
           CheckTXIntFlag   0x0036f2    program     static C:\FIRST_2005\223v2\user_SerialDrv.c
            CheckUartInts   0x0038c4    program     extern C:\FIRST_2005\223v2\user_SerialDrv.c
       Check_4_Violations   0x003214    program     extern C:\mcc18\Projects\FrcCode\FrcCode\ifi_library.c
               Clear_Bank   0x004714    program     static C:\mcc18\Projects\FrcCode\FrcCode\Util_lib.asm
               Clear_Loop   0x004700    program     static C:\mcc18\Projects\FrcCode\FrcCode\Util_lib.asm
             Clear_Memory   0x0046fa    program     extern C:\mcc18\Projects\FrcCode\FrcCode\Util_lib.asm
       Clear_SPIdata_flag   0x00317e    program     extern C:\mcc18\Projects\FrcCode\FrcCode\ifi_library.c
                 CloseADC   0x0061a2    program     extern C:\mcc18\src\TRADIT~1\pmc\ADC\adcclose.c
               ConvertADC   0x0061ac    program     extern C:\mcc18\src\TRADIT~1\pmc\ADC\adcconv.c
                    D10_1   0x00618a    program     static C:\MCC18\SRC\TRADIT~1\DELAYS\d10tcyx.asm
                     D10x   0x006182    program     static C:\MCC18\SRC\TRADIT~1\DELAYS\d10tcyx.asm
                   D1616S   0x003f30    program     static C:\MCC18\SRC\TRADIT~1\MATH\fxd1616s.asm
                D1616SNEG   0x003f3e    program     static C:\MCC18\SRC\TRADIT~1\MATH\fxd1616s.asm
                 D1616SOK   0x003f3a    program     static C:\MCC18\SRC\TRADIT~1\MATH\fxd1616s.asm
                  D1616SX   0x003f50    program     static C:\MCC18\SRC\TRADIT~1\MATH\fxd1616s.asm
                    D1K_1   0x00612e    program     static C:\MCC18\SRC\TRADIT~1\DELAYS\d1ktcyx.asm
                     D1Kx   0x00612c    program     static C:\MCC18\SRC\TRADIT~1\DELAYS\d1ktcyx.asm
                  DA1616S   0x003f20    program     static C:\MCC18\SRC\TRADIT~1\MATH\fxd1616s.asm
                      DL1   0x004a42    program     static C:\mcc18\Projects\FrcCode\FrcCode\Util_lib.asm
                      DL2   0x004a58    program     static C:\mcc18\Projects\FrcCode\FrcCode\Util_lib.asm
          Dead_Space_Loop   0x004a3e    program     static C:\mcc18\Projects\FrcCode\FrcCode\Util_lib.asm
          Default_Routine   0x0023b4    program     extern C:\FIRST_2005\223v2\user_routines.c
              Delay10TCYx   0x00617a    program     extern C:\MCC18\SRC\TRADIT~1\DELAYS\d10tcyx.asm
              Delay1KTCYx   0x006122    program     extern C:\MCC18\SRC\TRADIT~1\DELAYS\d1ktcyx.asm
          DisableXmitInts   0x00376e    program     extern C:\FIRST_2005\223v2\user_SerialDrv.c
              DisplayBufr   0x005118    program     extern C:\FIRST_2005\223v2\ifi_utilities.c
           EnableXmitInts   0x0036cc    program     static C:\FIRST_2005\223v2\user_SerialDrv.c
                 FLO0832S   0x003c18    program     extern C:\MCC18\SRC\TRADIT~1\MATH\cast08FP.asm
                 FLO0832U   0x003c14    program     extern C:\MCC18\SRC\TRADIT~1\MATH\cast08FP.asm
                 FLO1632S   0x003c3a    program     extern C:\MCC18\SRC\TRADIT~1\MATH\cast16FP.asm
                 FLO1632U   0x003c36    program     extern C:\MCC18\SRC\TRADIT~1\MATH\cast16FP.asm
                    FPA32   0x003c62    program     extern C:\MCC18\SRC\TRADIT~1\MATH\addFP.asm
                    FPD32   0x003d8e    program     extern C:\MCC18\SRC\TRADIT~1\MATH\divFP.asm
                    FPM32   0x003e34    program     extern C:\MCC18\SRC\TRADIT~1\MATH\mulFP.asm
                    FPS32   0x003c60    program     extern C:\MCC18\SRC\TRADIT~1\MATH\addFP.asm
                 FXD0808U   0x00615e    program     extern C:\mcc18\src\TRADIT~1\math\fxd0808u.c
                 FXD1616S   0x003f0e    program     extern C:\MCC18\SRC\TRADIT~1\MATH\fxd1616s.asm
                 FXD1616U   0x00608a    program     extern C:\mcc18\src\TRADIT~1\math\fxd1616u.c
                 FXD3232U   0x006004    program     extern C:\mcc18\src\TRADIT~1\math\fxd3232u.c
                 FXM1616S   0x003f5a    program     extern C:\MCC18\SRC\TRADIT~1\MATH\fxm1616s.asm
                 FXM1616U   0x003fb4    program     extern C:\MCC18\SRC\TRADIT~1\MATH\fxm1616u.asm
                  FXM3232   0x005c7c    program     extern C:\mcc18\src\TRADIT~1\math\fxm3232.c
            Generate_Pwms   0x004998    program     extern C:\mcc18\Projects\FrcCode\FrcCode\Util_lib.asm
       Generate_Pwms_Cont   0x0049dc    program     static C:\mcc18\Projects\FrcCode\FrcCode\Util_lib.asm
        GetDataFromMaster   0x004870    program     extern C:\mcc18\Projects\FrcCode\FrcCode\Util_lib.asm
         Get_Analog_Value   0x0051f8    program     extern C:\FIRST_2005\223v2\ifi_utilities.c
                  Getdata   0x0030d0    program     extern C:\mcc18\Projects\FrcCode\FrcCode\ifi_library.c
        Handle_Panel_Data   0x00382c    program     extern C:\FIRST_2005\223v2\user_SerialDrv.c
           Handle_Spi_Int   0x00306c    program     extern C:\mcc18\Projects\FrcCode\FrcCode\ifi_library.c
               Hex_output   0x00471e    program     extern C:\mcc18\Projects\FrcCode\FrcCode\Util_lib.asm
       IFI_Initialization   0x002f5c    program     extern C:\mcc18\Projects\FrcCode\FrcCode\ifi_library.c
                  INT3208   0x003ff0    program     extern C:\MCC18\SRC\TRADIT~1\MATH\castFP08.asm
                  INT3216   0x00403e    program     extern C:\MCC18\SRC\TRADIT~1\MATH\castFP16.asm
     Initialize_Registers   0x002ee2    program     extern C:\mcc18\Projects\FrcCode\FrcCode\ifi_library.c
  Initialize_Serial_Comms   0x0051c6    program     extern C:\FIRST_2005\223v2\ifi_utilities.c
          Initialize_uart   0x003628    program     static C:\FIRST_2005\223v2\user_SerialDrv.c
     InterruptHandlerHigh   0x002e9e    program     extern C:\mcc18\Projects\FrcCode\FrcCode\ifi_library.c
      InterruptHandlerLow   0x004a90    program     extern C:\FIRST_2005\223v2\user_routines_fast.c
      InterruptVectorHigh   0x000808    program     extern C:\mcc18\Projects\FrcCode\FrcCode\ifi_library.c
       InterruptVectorLow   0x000818    program     extern C:\FIRST_2005\223v2\user_routines_fast.c
                      LP4   0x0049e0    program     static C:\mcc18\Projects\FrcCode\FrcCode\Util_lib.asm
                LP4_Cont1   0x0049ea    program     static C:\mcc18\Projects\FrcCode\FrcCode\Util_lib.asm
                LP4_Cont2   0x0049f4    program     static C:\mcc18\Projects\FrcCode\FrcCode\Util_lib.asm
                LP4_Cont3   0x0049fe    program     static C:\mcc18\Projects\FrcCode\FrcCode\Util_lib.asm
                LP4_Cont4   0x004a0a    program     static C:\mcc18\Projects\FrcCode\FrcCode\Util_lib.asm
                LP4_Cont5   0x004a14    program     static C:\mcc18\Projects\FrcCode\FrcCode\Util_lib.asm
                LP4_Cont6   0x004a1e    program     static C:\mcc18\Projects\FrcCode\FrcCode\Util_lib.asm
                LP4_Cont7   0x004a28    program     static C:\mcc18\Projects\FrcCode\FrcCode\Util_lib.asm
                LP4_Cont8   0x004a32    program     static C:\mcc18\Projects\FrcCode\FrcCode\Util_lib.asm
           MoveData4Buff0   0x0047e6    program     static C:\mcc18\Projects\FrcCode\FrcCode\Util_lib.asm
        MoveDataFromBuff1   0x00490e    program     static C:\mcc18\Projects\FrcCode\FrcCode\Util_lib.asm
               Open1USART   0x005db6    program     extern C:\mcc18\src\TRADIT~1\pmc\USART\u1open.c
               Open2USART   0x005d52    program     extern C:\mcc18\src\TRADIT~1\pmc\USART\u2open.c
                  OpenADC   0x005e1a    program     extern C:\mcc18\src\TRADIT~1\pmc\ADC\adcopen.c
                  OpenSPI   0x005cec    program     extern C:\mcc18\src\TRADIT~1\pmc\SPI\spi_open.c
          PacketNum_Check   0x00515a    program     extern C:\FIRST_2005\223v2\ifi_utilities.c
    Prep_SPI_4_First_Byte   0x003006    program     extern C:\mcc18\Projects\FrcCode\FrcCode\ifi_library.c
                PrintByte   0x005008    program     extern C:\FIRST_2005\223v2\ifi_utilities.c
              PrintString   0x005076    program     extern C:\FIRST_2005\223v2\ifi_utilities.c
                PrintWord   0x00502a    program     extern C:\FIRST_2005\223v2\ifi_utilities.c
Process_Data_From_Local_IO   0x004c82    program     extern C:\FIRST_2005\223v2\user_routines_fast.c
Process_Data_From_Master_uP   0x00234a    program     extern C:\FIRST_2005\223v2\user_routines.c
               Process_TX   0x003798    program     static C:\FIRST_2005\223v2\user_SerialDrv.c
                  Putdata   0x003102    program     extern C:\mcc18\Projects\FrcCode\FrcCode\ifi_library.c
                Pwm_Delay   0x004a6e    program     static C:\mcc18\Projects\FrcCode\FrcCode\Util_lib.asm
                  ReadADC   0x00604c    program     extern C:\mcc18\src\TRADIT~1\pmc\ADC\adcread.c
      Reset_Control_Block   0x0035ee    program     static C:\FIRST_2005\223v2\user_SerialDrv.c
         SendDataToMaster   0x00474c    program     extern C:\mcc18\Projects\FrcCode\FrcCode\Util_lib.asm
     Serial_Char_Callback   0x004c84    program     extern C:\FIRST_2005\223v2\user_routines_fast.c
      Serial_Display_Char   0x003ad0    program     extern C:\FIRST_2005\223v2\user_SerialDrv.c
 Serial_Driver_Initialize   0x00391c    program     extern C:\FIRST_2005\223v2\user_SerialDrv.c
       Serial_Resume_Port   0x00373a    program     extern C:\FIRST_2005\223v2\user_SerialDrv.c
             Serial_Write   0x00399a    program     extern C:\FIRST_2005\223v2\user_SerialDrv.c
        Serial_Write_Bufr   0x003920    program     extern C:\FIRST_2005\223v2\user_SerialDrv.c
        Serial_Write_Char   0x003a5e    program     extern C:\FIRST_2005\223v2\user_SerialDrv.c
Set_Number_of_Analog_Channels   0x0051e2    program     extern C:\FIRST_2005\223v2\ifi_utilities.c
    Setup_PWM_Output_Type   0x003188    program     extern C:\mcc18\Projects\FrcCode\FrcCode\ifi_library.c
          Setup_Spi_Slave   0x002ecc    program     extern C:\mcc18\Projects\FrcCode\FrcCode\ifi_library.c
               TSIGN1616A   0x003fa6    program     static C:\MCC18\SRC\TRADIT~1\MATH\fxm1616s.asm
             TerminateGet   0x00498e    program     static C:\mcc18\Projects\FrcCode\FrcCode\Util_lib.asm
            TerminateSend   0x004866    program     static C:\mcc18\Projects\FrcCode\FrcCode\Util_lib.asm
  UpdateLocalPWMDirection   0x00474a    program     extern C:\mcc18\Projects\FrcCode\FrcCode\Util_lib.asm
     User_Autonomous_Code   0x004b20    program     extern C:\FIRST_2005\223v2\user_routines_fast.c
   User_Autonomous_Code_0   0x005ed0    program     extern C:\FIRST_2005\223v2\autonomous_mode_0.c
   User_Autonomous_Code_1   0x0041f6    program     extern C:\FIRST_2005\223v2\autonomous_mode_1.c
   User_Autonomous_Code_2   0x005fb8    program     extern C:\FIRST_2005\223v2\autonomous_mode_2.c
   User_Autonomous_Code_3   0x005f6c    program     extern C:\FIRST_2005\223v2\autonomous_mode_3.c
   User_Autonomous_Code_4   0x00554a    program     extern C:\FIRST_2005\223v2\autonomous_mode_4.c
   User_Autonomous_Code_5   0x005f20    program     extern C:\FIRST_2005\223v2\autonomous_mode_5.c
      User_Initialization   0x0022a0    program     extern C:\FIRST_2005\223v2\user_routines.c
       User_Proc_Is_Ready   0x002ffc    program     extern C:\mcc18\Projects\FrcCode\FrcCode\ifi_library.c
             Wait4TXEmpty   0x004ffe    program     extern C:\FIRST_2005\223v2\ifi_utilities.c
                   _2jEnd   0x005534    program     static C:\MCC18\SRC\TRADIT~1\STDCLIB\slenpgm.asm
              _3jContinue   0x00549e    program     static C:\MCC18\SRC\TRADIT~1\STDCLIB\mcpyp2r.asm
              _4jContinue   0x005446    program     static C:\MCC18\SRC\TRADIT~1\STDCLIB\memcpy.asm
                   _4jEnd   0x0054a8    program     static C:\MCC18\SRC\TRADIT~1\STDCLIB\mcpyp2r.asm
                   _5jEnd   0x005450    program     static C:\MCC18\SRC\TRADIT~1\STDCLIB\memcpy.asm
        _D10TCYXCODE_000A   0x006184    program     static C:\MCC18\SRC\TRADIT~1\DELAYS\d10tcyx.asm
        _D10TCYXCODE_000C   0x006186    program     static C:\MCC18\SRC\TRADIT~1\DELAYS\d10tcyx.asm
        _D10TCYXCODE_000E   0x006188    program     static C:\MCC18\SRC\TRADIT~1\DELAYS\d10tcyx.asm
        _D1KTCYXCODE_0010   0x006132    program     static C:\MCC18\SRC\TRADIT~1\DELAYS\d1ktcyx.asm
        _D1KTCYXCODE_0016   0x006138    program     static C:\MCC18\SRC\TRADIT~1\DELAYS\d1ktcyx.asm
                _PackMath   0x0058a0    program     extern C:\mcc18\src\TRADIT~1\stdclib\PackMath.c
                _UnpkMath   0x00566a    program     extern C:\mcc18\src\TRADIT~1\stdclib\UnpkMath.c
                 __FpExit   0x0040a8    program     extern C:\MCC18\SRC\TRADIT~1\MATH\packFP.asm
                 __FpPack   0x0040d4    program     extern C:\MCC18\SRC\TRADIT~1\MATH\packFP.asm
            __FpReturnNaN   0x00409c    program     extern C:\MCC18\SRC\TRADIT~1\MATH\packFP.asm
         __FpReturnNegInf   0x0040ae    program     extern C:\MCC18\SRC\TRADIT~1\MATH\packFP.asm
        __FpReturnNegZero   0x0040c6    program     extern C:\MCC18\SRC\TRADIT~1\MATH\packFP.asm
         __FpReturnPosInf   0x0040b4    program     extern C:\MCC18\SRC\TRADIT~1\MATH\packFP.asm
        __FpReturnPosZero   0x0040ce    program     extern C:\MCC18\SRC\TRADIT~1\MATH\packFP.asm
        __FpReturnSignInf   0x0040aa    program     extern C:\MCC18\SRC\TRADIT~1\MATH\packFP.asm
       __FpReturnSignZero   0x0040c2    program     extern C:\MCC18\SRC\TRADIT~1\MATH\packFP.asm
              __FpReturnW   0x00412c    program     extern C:\MCC18\SRC\TRADIT~1\MATH\packFP.asm
              __FpUnPackA   0x00414c    program     extern C:\MCC18\SRC\TRADIT~1\MATH\UnpackFP.asm
              __FpUnPackB   0x00417c    program     extern C:\MCC18\SRC\TRADIT~1\MATH\UnpackFP.asm
       ___return_lbl00000   0x000804    program     static                          
       ___return_lbl00000   0x005cea    program     static                          
       ___return_lbl00000   0x00604a    program     static                          
       ___return_lbl00000   0x006178    program     static                          
       ___return_lbl00000   0x00080c    program     static                          
       ___return_lbl00000   0x0060b4    program     static                          
       ___return_lbl00000   0x00081c    program     static                          
       ___return_lbl00001   0x006120    program     static                          
       ___return_lbl00002   0x005b62    program     static                          
                   __pa_0   0x005778    program     static C:\mcc18\src\TRADIT~1\stdclib\UnpkMath.c
                   __pa_0   0x005968    program     static C:\mcc18\src\TRADIT~1\stdclib\PackMath.c
                   __pa_0   0x001fbe    program     static C:\mcc18\src\TRADIT~1\stdclib\vfprintf.c
                   __pa_0   0x004fe6    program     static C:\mcc18\src\TRADIT~1\stdclib\fchop.c
                   __pa_1   0x005978    program     static C:\mcc18\src\TRADIT~1\stdclib\PackMath.c
                   __pa_1   0x001fc6    program     static C:\mcc18\src\TRADIT~1\stdclib\vfprintf.c
                   __pa_1   0x004ff0    program     static C:\mcc18\src\TRADIT~1\stdclib\fchop.c
                  __pa_10   0x00207a    program     static C:\mcc18\src\TRADIT~1\stdclib\vfprintf.c
                  __pa_11   0x002088    program     static C:\mcc18\src\TRADIT~1\stdclib\vfprintf.c
                  __pa_12   0x00209e    program     static C:\mcc18\src\TRADIT~1\stdclib\vfprintf.c
                  __pa_13   0x0020b8    program     static C:\mcc18\src\TRADIT~1\stdclib\vfprintf.c
                  __pa_14   0x0020d0    program     static C:\mcc18\src\TRADIT~1\stdclib\vfprintf.c
                  __pa_15   0x0020e0    program     static C:\mcc18\src\TRADIT~1\stdclib\vfprintf.c
                  __pa_16   0x0020f6    program     static C:\mcc18\src\TRADIT~1\stdclib\vfprintf.c
                  __pa_17   0x002108    program     static C:\mcc18\src\TRADIT~1\stdclib\vfprintf.c
                  __pa_18   0x00211a    program     static C:\mcc18\src\TRADIT~1\stdclib\vfprintf.c
                  __pa_19   0x002124    program     static C:\mcc18\src\TRADIT~1\stdclib\vfprintf.c
                   __pa_2   0x001fd0    program     static C:\mcc18\src\TRADIT~1\stdclib\vfprintf.c
                   __pa_2   0x005986    program     static C:\mcc18\src\TRADIT~1\stdclib\PackMath.c
                  __pa_20   0x002134    program     static C:\mcc18\src\TRADIT~1\stdclib\vfprintf.c
                  __pa_21   0x002144    program     static C:\mcc18\src\TRADIT~1\stdclib\vfprintf.c
                  __pa_22   0x002154    program     static C:\mcc18\src\TRADIT~1\stdclib\vfprintf.c
                  __pa_23   0x002160    program     static C:\mcc18\src\TRADIT~1\stdclib\vfprintf.c
                  __pa_24   0x00216e    program     static C:\mcc18\src\TRADIT~1\stdclib\vfprintf.c
                  __pa_25   0x002176    program     static C:\mcc18\src\TRADIT~1\stdclib\vfprintf.c
                  __pa_26   0x002180    program     static C:\mcc18\src\TRADIT~1\stdclib\vfprintf.c
                  __pa_27   0x00218a    program     static C:\mcc18\src\TRADIT~1\stdclib\vfprintf.c
                  __pa_28   0x002192    program     static C:\mcc18\src\TRADIT~1\stdclib\vfprintf.c
                  __pa_29   0x0021a0    program     static C:\mcc18\src\TRADIT~1\stdclib\vfprintf.c
                   __pa_3   0x001fda    program     static C:\mcc18\src\TRADIT~1\stdclib\vfprintf.c
                   __pa_3   0x005990    program     static C:\mcc18\src\TRADIT~1\stdclib\PackMath.c
                  __pa_30   0x0021bc    program     static C:\mcc18\src\TRADIT~1\stdclib\vfprintf.c
                  __pa_31   0x0021d6    program     static C:\mcc18\src\TRADIT~1\stdclib\vfprintf.c
                  __pa_32   0x0021f0    program     static C:\mcc18\src\TRADIT~1\stdclib\vfprintf.c
                  __pa_33   0x002208    program     static C:\mcc18\src\TRADIT~1\stdclib\vfprintf.c
                  __pa_34   0x002212    program     static C:\mcc18\src\TRADIT~1\stdclib\vfprintf.c
                  __pa_35   0x002220    program     static C:\mcc18\src\TRADIT~1\stdclib\vfprintf.c
                  __pa_36   0x002228    program     static C:\mcc18\src\TRADIT~1\stdclib\vfprintf.c
                  __pa_37   0x002232    program     static C:\mcc18\src\TRADIT~1\stdclib\vfprintf.c
                  __pa_38   0x002242    program     static C:\mcc18\src\TRADIT~1\stdclib\vfprintf.c
                  __pa_39   0x002250    program     static C:\mcc18\src\TRADIT~1\stdclib\vfprintf.c
                   __pa_4   0x001ff2    program     static C:\mcc18\src\TRADIT~1\stdclib\vfprintf.c
                   __pa_4   0x00599e    program     static C:\mcc18\src\TRADIT~1\stdclib\PackMath.c
                  __pa_40   0x00225c    program     static C:\mcc18\src\TRADIT~1\stdclib\vfprintf.c
                  __pa_41   0x002268    program     static C:\mcc18\src\TRADIT~1\stdclib\vfprintf.c
                  __pa_42   0x002270    program     static C:\mcc18\src\TRADIT~1\stdclib\vfprintf.c
                  __pa_43   0x00227a    program     static C:\mcc18\src\TRADIT~1\stdclib\vfprintf.c
                  __pa_44   0x002280    program     static C:\mcc18\src\TRADIT~1\stdclib\vfprintf.c
                  __pa_45   0x00228a    program     static C:\mcc18\src\TRADIT~1\stdclib\vfprintf.c
                  __pa_46   0x002296    program     static C:\mcc18\src\TRADIT~1\stdclib\vfprintf.c
                   __pa_5   0x002006    program     static C:\mcc18\src\TRADIT~1\stdclib\vfprintf.c
                   __pa_5   0x0059a6    program     static C:\mcc18\src\TRADIT~1\stdclib\PackMath.c
                   __pa_6   0x002022    program     static C:\mcc18\src\TRADIT~1\stdclib\vfprintf.c
                   __pa_6   0x0059ae    program     static C:\mcc18\src\TRADIT~1\stdclib\PackMath.c
                   __pa_7   0x00202c    program     static C:\mcc18\src\TRADIT~1\stdclib\vfprintf.c
                   __pa_8   0x002038    program     static C:\mcc18\src\TRADIT~1\stdclib\vfprintf.c
                   __pa_9   0x00205a    program     static C:\mcc18\src\TRADIT~1\stdclib\vfprintf.c
               __string_0   0x005801    program     static C:\FIRST_2005\223v2\user_camera.c
               __string_0   0x005893    program     static C:\FIRST_2005\223v2\autonomous_mode_1.c
               __string_1   0x0057fd    program     static C:\FIRST_2005\223v2\user_camera.c
               __string_1   0x005878    program     static C:\FIRST_2005\223v2\autonomous_mode_1.c
              __string_10   0x0057c1    program     static C:\FIRST_2005\223v2\user_camera.c
              __string_11   0x0057bd    program     static C:\FIRST_2005\223v2\user_camera.c
              __string_12   0x0057b5    program     static C:\FIRST_2005\223v2\user_camera.c
              __string_13   0x0057b2    program     static C:\FIRST_2005\223v2\user_camera.c
              __string_14   0x0057a8    program     static C:\FIRST_2005\223v2\user_camera.c
              __string_15   0x0057a2    program     static C:\FIRST_2005\223v2\user_camera.c
              __string_16   0x00579d    program     static C:\FIRST_2005\223v2\user_camera.c
              __string_17   0x005797    program     static C:\FIRST_2005\223v2\user_camera.c
              __string_18   0x005791    program     static C:\FIRST_2005\223v2\user_camera.c
              __string_19   0x00578c    program     static C:\FIRST_2005\223v2\user_camera.c
               __string_2   0x0057f8    program     static C:\FIRST_2005\223v2\user_camera.c
               __string_2   0x005827    program     static C:\FIRST_2005\223v2\autonomous_mode_1.c
              __string_20   0x005786    program     static C:\FIRST_2005\223v2\user_camera.c
               __string_3   0x0057f3    program     static C:\FIRST_2005\223v2\user_camera.c
               __string_3   0x005803    program     static C:\FIRST_2005\223v2\autonomous_mode_1.c
               __string_4   0x0057ee    program     static C:\FIRST_2005\223v2\user_camera.c
               __string_5   0x0057e9    program     static C:\FIRST_2005\223v2\user_camera.c
               __string_6   0x0057e1    program     static C:\FIRST_2005\223v2\user_camera.c
               __string_7   0x0057d9    program     static C:\FIRST_2005\223v2\user_camera.c
               __string_8   0x0057d2    program     static C:\FIRST_2005\223v2\user_camera.c
               __string_9   0x0057cf    program     static C:\FIRST_2005\223v2\user_camera.c
              __tmplbl_42   0x002154    program     static                          
              __tmplbl_43   0x001fa0    program     static                          
              __tmplbl_44   0x001f86    program     static                          
              __tmplbl_86   0x0016d4    program     static                          
                _do_cinit   0x005ac6    program     extern C:\FIRST_2005\223v2\ifi_startup.c
                   _entry   0x000800    program     extern C:\FIRST_2005\223v2\ifi_startup.c
                   _false   0x006046    program     static                          
                   _fchop   0x004d70    program     extern C:\mcc18\src\TRADIT~1\stdclib\fchop.c
                 _startup   0x006102    program     extern C:\FIRST_2005\223v2\ifi_startup.c
              _usart_putc   0x006142    program     extern C:\MCC18\SRC\TRADIT~1\PMC\USART\_usartpc.asm
               _user_putc   0x000806    program     extern C:\mcc18\src\TRADIT~1\stdclib\_user_putc.c
             acceleration   0x002b98    program     extern C:\FIRST_2005\223v2\user_routines.c
         activate_profile   0x002e56    program     extern C:\FIRST_2005\223v2\user_routines.c
               append_int   0x000d1c    program     extern C:\FIRST_2005\223v2\user_camera.c
        camera_buffer_cmd   0x0009ac    program     extern C:\FIRST_2005\223v2\user_camera.c
         camera_const_cmd   0x0008ec    program     extern C:\FIRST_2005\223v2\user_camera.c
           camera_control   0x004648    program     extern C:\FIRST_2005\223v2\autonomous_mode_1.c
            camera_getACK   0x000874    program     extern C:\FIRST_2005\223v2\user_camera.c
             camera_reset   0x000aca    program     extern C:\FIRST_2005\223v2\user_camera.c
                copy_loop   0x005b38    program     static                          
            copy_one_byte   0x005b3e    program     static                          
                     done   0x005b62    program     static                          
             done_copying   0x005b4c    program     static                          
         dump_uart_buffer   0x000c18    program     extern C:\FIRST_2005\223v2\user_camera.c
                  endloop   0x006174    program     static                          
                  endloop   0x0060b0    program     static                          
    examine_grid_position   0x000fc8    program     extern C:\FIRST_2005\223v2\user_camera.c
          examine_next_gp   0x0011d0    program     extern C:\FIRST_2005\223v2\user_camera.c
                    floor   0x0059ba    program     extern C:\mcc18\src\TRADIT~1\stdclib\floor.c
                     gain   0x002620    program     extern C:\FIRST_2005\223v2\user_routines.c
             get_position   0x004652    program     extern C:\FIRST_2005\223v2\autonomous_mode_1.c
       grab_camera_window   0x000bf2    program     extern C:\FIRST_2005\223v2\user_camera.c
          gripper_control   0x002960    program     extern C:\FIRST_2005\223v2\user_routines.c
 initialize_camera_window   0x000b16    program     extern C:\FIRST_2005\223v2\user_camera.c
                 is_green   0x000cc2    program     extern C:\FIRST_2005\223v2\user_camera.c
                  isdigit   0x0060de    program     extern C:\MCC18\SRC\TRADIT~1\STDCLIB\isdigit.asm
                 jANotInf   0x003c8a    program     static C:\MCC18\SRC\TRADIT~1\MATH\addFP.asm
                 jANotInf   0x003dac    program     static C:\MCC18\SRC\TRADIT~1\MATH\divFP.asm
                 jANotInf   0x003e52    program     static C:\MCC18\SRC\TRADIT~1\MATH\mulFP.asm
                 jANotNeg   0x003d1e    program     static C:\MCC18\SRC\TRADIT~1\MATH\addFP.asm
                jANotZero   0x003dc0    program     static C:\MCC18\SRC\TRADIT~1\MATH\divFP.asm
              jAandWsetup   0x003cee    program     static C:\MCC18\SRC\TRADIT~1\MATH\addFP.asm
                 jAltBexp   0x003cdc    program     static C:\MCC18\SRC\TRADIT~1\MATH\addFP.asm
                jBANotInf   0x003c80    program     static C:\MCC18\SRC\TRADIT~1\MATH\addFP.asm
                 jBNotInf   0x003c98    program     static C:\MCC18\SRC\TRADIT~1\MATH\addFP.asm
              jBothFinite   0x003e60    program     static C:\MCC18\SRC\TRADIT~1\MATH\mulFP.asm
             jBothNotZero   0x003e6c    program     static C:\MCC18\SRC\TRADIT~1\MATH\mulFP.asm
            jDifOrPosSign   0x003cac    program     static C:\MCC18\SRC\TRADIT~1\MATH\addFP.asm
                     jEnd   0x005536    program     static C:\MCC18\SRC\TRADIT~1\STDCLIB\slenpgm.asm
                     jEnd   0x005456    program     static C:\MCC18\SRC\TRADIT~1\STDCLIB\memcpy.asm
                     jEnd   0x0054fe    program     static C:\MCC18\SRC\TRADIT~1\STDCLIB\strlen.asm
                     jEnd   0x0054e2    program     static C:\MCC18\SRC\TRADIT~1\STDCLIB\scpyp2r.asm
                     jEnd   0x0054b0    program     static C:\MCC18\SRC\TRADIT~1\STDCLIB\mcpyp2r.asm
                    jExit   0x00403c    program     static C:\MCC18\SRC\TRADIT~1\MATH\castFP08.asm
                    jExit   0x00409a    program     static C:\MCC18\SRC\TRADIT~1\MATH\castFP16.asm
               jFinalSign   0x003d86    program     static C:\MCC18\SRC\TRADIT~1\MATH\addFP.asm
                jHaveZero   0x003e68    program     static C:\MCC18\SRC\TRADIT~1\MATH\mulFP.asm
                jI2F08Beg   0x003c22    program     static C:\MCC18\SRC\TRADIT~1\MATH\cast08FP.asm
                jI2F16Beg   0x003c4a    program     static C:\MCC18\SRC\TRADIT~1\MATH\cast16FP.asm
                    jLoop   0x00543a    program     static C:\MCC18\SRC\TRADIT~1\STDCLIB\memcpy.asm
                    jLoop   0x00551e    program     static C:\MCC18\SRC\TRADIT~1\STDCLIB\slenpgm.asm
                    jLoop   0x003de8    program     static C:\MCC18\SRC\TRADIT~1\MATH\divFP.asm
                    jLoop   0x005492    program     static C:\MCC18\SRC\TRADIT~1\STDCLIB\mcpyp2r.asm
                    jLoop   0x004024    program     static C:\MCC18\SRC\TRADIT~1\MATH\castFP08.asm
                    jLoop   0x0054d8    program     static C:\MCC18\SRC\TRADIT~1\STDCLIB\scpyp2r.asm
                    jLoop   0x00407a    program     static C:\MCC18\SRC\TRADIT~1\MATH\castFP16.asm
                    jLoop   0x0054f4    program     static C:\MCC18\SRC\TRADIT~1\STDCLIB\strlen.asm
                jLoopExit   0x004032    program     static C:\MCC18\SRC\TRADIT~1\MATH\castFP08.asm
                jLoopExit   0x00408a    program     static C:\MCC18\SRC\TRADIT~1\MATH\castFP16.asm
                   jMatch   0x0060fe    program     static C:\MCC18\SRC\TRADIT~1\STDCLIB\isdigit.asm
                     jMax   0x004000    program     static C:\MCC18\SRC\TRADIT~1\MATH\castFP08.asm
                     jMax   0x00404e    program     static C:\MCC18\SRC\TRADIT~1\MATH\castFP16.asm
                  jMaxNeg   0x00400a    program     static C:\MCC18\SRC\TRADIT~1\MATH\castFP08.asm
                  jMaxNeg   0x00405c    program     static C:\MCC18\SRC\TRADIT~1\MATH\castFP16.asm
                  jMaxPos   0x004004    program     static C:\MCC18\SRC\TRADIT~1\MATH\castFP08.asm
                  jMaxPos   0x004052    program     static C:\MCC18\SRC\TRADIT~1\MATH\castFP16.asm
                    jNext   0x003e0e    program     static C:\MCC18\SRC\TRADIT~1\MATH\divFP.asm
                jNoAdjust   0x003e0c    program     static C:\MCC18\SRC\TRADIT~1\MATH\divFP.asm
                 jNoMatch   0x006100    program     static C:\MCC18\SRC\TRADIT~1\STDCLIB\isdigit.asm
             jNotBothZero   0x003cb0    program     static C:\MCC18\SRC\TRADIT~1\MATH\addFP.asm
                  jNotInf   0x00406a    program     static C:\MCC18\SRC\TRADIT~1\MATH\castFP16.asm
                  jNotInf   0x004014    program     static C:\MCC18\SRC\TRADIT~1\MATH\castFP08.asm
                  jPkLoop   0x0040e2    program     static C:\MCC18\SRC\TRADIT~1\MATH\packFP.asm
             jPkRoundDone   0x00412c    program     static C:\MCC18\SRC\TRADIT~1\MATH\packFP.asm
               jPkRoundIt   0x004114    program     static C:\MCC18\SRC\TRADIT~1\MATH\packFP.asm
             jPkShiftDone   0x0040fe    program     static C:\MCC18\SRC\TRADIT~1\MATH\packFP.asm
           jReturnPosInf0   0x0040b8    program     static C:\MCC18\SRC\TRADIT~1\MATH\packFP.asm
               jShiftDone   0x003d46    program     static C:\MCC18\SRC\TRADIT~1\MATH\addFP.asm
               jShiftLoop   0x003d38    program     static C:\MCC18\SRC\TRADIT~1\MATH\addFP.asm
                jSignDone   0x003d76    program     static C:\MCC18\SRC\TRADIT~1\MATH\addFP.asm
              jSignedZero   0x003db6    program     static C:\MCC18\SRC\TRADIT~1\MATH\divFP.asm
                  jUnpkA1   0x004156    program     static C:\MCC18\SRC\TRADIT~1\MATH\UnpackFP.asm
                  jUnpkA2   0x00416e    program     static C:\MCC18\SRC\TRADIT~1\MATH\UnpackFP.asm
                 jUnpkANZ   0x004164    program     static C:\MCC18\SRC\TRADIT~1\MATH\UnpackFP.asm
                  jUnpkB1   0x004186    program     static C:\MCC18\SRC\TRADIT~1\MATH\UnpackFP.asm
                  jUnpkB2   0x00419e    program     static C:\MCC18\SRC\TRADIT~1\MATH\UnpackFP.asm
                 jUnpkBNZ   0x004194    program     static C:\MCC18\SRC\TRADIT~1\MATH\UnpackFP.asm
                 jUnpkNaN   0x004178    program     static C:\MCC18\SRC\TRADIT~1\MATH\UnpackFP.asm
                 jWNotNeg   0x003d32    program     static C:\MCC18\SRC\TRADIT~1\MATH\addFP.asm
                    jZero   0x004010    program     static C:\MCC18\SRC\TRADIT~1\MATH\castFP08.asm
                    jZero   0x004064    program     static C:\MCC18\SRC\TRADIT~1\MATH\castFP16.asm
               jZero1and2   0x0040bc    program     static C:\MCC18\SRC\TRADIT~1\MATH\packFP.asm
             journey_step   0x005278    program     extern C:\FIRST_2005\223v2\autonomous_mode_1.c
             lift_operate   0x0028aa    program     extern C:\FIRST_2005\223v2\user_routines.c
                load_step   0x0041a8    program     extern C:\FIRST_2005\223v2\autonomous_mode_1.c
                     loop   0x006152    program     static C:\MCC18\SRC\TRADIT~1\PMC\USART\_usartpc.asm
                     loop   0x006012    program     static                          
                     loop   0x006112    program     static                          
                     loop   0x006166    program     static                          
                     loop   0x006094    program     static                          
                     main   0x0060b6    program     extern C:\FIRST_2005\223v2\main.c
                   memcpy   0x005412    program     extern C:\MCC18\SRC\TRADIT~1\STDCLIB\memcpy.asm
            memcpypgm2ram   0x00546c    program     extern C:\MCC18\SRC\TRADIT~1\STDCLIB\mcpyp2r.asm
           memmovepgm2ram   0x005468    program     extern C:\MCC18\SRC\TRADIT~1\STDCLIB\mmovp2r.asm
      otis_height_counter   0x002b96    program     extern C:\FIRST_2005\223v2\user_routines.c
         pressure_control   0x002b8a    program     extern C:\FIRST_2005\223v2\user_routines.c
                   printf   0x005b64    program     extern C:\mcc18\src\TRADIT~1\stdclib\printf.c
                probe_pos   0x0012d6    program     extern C:\FIRST_2005\223v2\user_camera.c
                     putc   0x005bf8    program     extern C:\mcc18\src\TRADIT~1\stdclib\putc.c
           r_we_there_yet   0x004424    program     extern C:\FIRST_2005\223v2\autonomous_mode_1.c
          reset_rx_buffer   0x000a68    program     extern C:\FIRST_2005\223v2\user_camera.c
                  s_delay   0x004a74    program     static C:\mcc18\Projects\FrcCode\FrcCode\Util_lib.asm
                 s_digits   0x006190    program     static C:\mcc18\src\TRADIT~1\stdclib\vfprintf.c
            s_put_n_chars   0x00167e    program     static C:\mcc18\src\TRADIT~1\stdclib\vfprintf.c
            saved_profile   0x0061a8    program     extern C:\FIRST_2005\223v2\user_routines.c
          set_camera_grid   0x000ee2    program     extern C:\FIRST_2005\223v2\user_camera.c
      set_camera_position   0x001246    program     extern C:\FIRST_2005\223v2\user_camera.c
              set_drive_L   0x00272c    program     extern C:\FIRST_2005\223v2\user_routines.c
              set_drive_R   0x0027ec    program     extern C:\FIRST_2005\223v2\user_routines.c
         shoulder_control   0x0029ba    program     extern C:\FIRST_2005\223v2\user_routines.c
            store_profile   0x002e7a    program     extern C:\FIRST_2005\223v2\user_routines.c
            strcpypgm2ram   0x0054b2    program     extern C:\MCC18\SRC\TRADIT~1\STDCLIB\scpyp2r.asm
                   strlen   0x0054e4    program     extern C:\MCC18\SRC\TRADIT~1\STDCLIB\strlen.asm
                strlenpgm   0x005500    program     extern C:\MCC18\SRC\TRADIT~1\STDCLIB\slenpgm.asm
          switch_joystick   0x00290e    program     extern C:\FIRST_2005\223v2\user_routines.c
                     test   0x005ae0    program     static                          
                 vfprintf   0x0016aa    program     extern C:\mcc18\src\TRADIT~1\stdclib\vfprintf.c
                  vtetras   0x005e7c    program     static C:\FIRST_2005\223v2\user_camera.c
            wait_for_data   0x000a76    program     extern C:\FIRST_2005\223v2\user_camera.c
                   AARGB0   0x00001e       data     extern C:\MCC18\SRC\TRADIT~1\MATH\aarg.asm
                   AARGB1   0x00001d       data     extern C:\MCC18\SRC\TRADIT~1\MATH\aarg.asm
                   AARGB2   0x00001c       data     extern C:\MCC18\SRC\TRADIT~1\MATH\aarg.asm
                   AARGB3   0x00001b       data     extern C:\MCC18\SRC\TRADIT~1\MATH\aarg.asm
                   AARGB4   0x00001a       data     extern C:\MCC18\SRC\TRADIT~1\MATH\aarg.asm
                   AARGB5   0x000019       data     extern C:\MCC18\SRC\TRADIT~1\MATH\aarg.asm
                   AARGB6   0x000018       data     extern C:\MCC18\SRC\TRADIT~1\MATH\aarg.asm
                   AARGB7   0x000017       data     extern C:\MCC18\SRC\TRADIT~1\MATH\aarg.asm
                   ADCON0   0x000fc2       data     extern C:\MCC18\SRC\TRADIT~1\PROC\p18f8520.asm
               ADCON0bits   0x000fc2       data     extern C:\MCC18\SRC\TRADIT~1\PROC\p18f8520.asm
                   ADCON1   0x000fc1       data     extern C:\MCC18\SRC\TRADIT~1\PROC\p18f8520.asm
               ADCON1bits   0x000fc1       data     extern C:\MCC18\SRC\TRADIT~1\PROC\p18f8520.asm
                   ADCON2   0x000fc0       data     extern C:\MCC18\SRC\TRADIT~1\PROC\p18f8520.asm
               ADCON2bits   0x000fc0       data     extern C:\MCC18\SRC\TRADIT~1\PROC\p18f8520.asm
                    ADRES   0x000fc3       data     extern C:\MCC18\SRC\TRADIT~1\PROC\p18f8520.asm
                   ADRESH   0x000fc4       data     extern C:\MCC18\SRC\TRADIT~1\PROC\p18f8520.asm
                   ADRESL   0x000fc3       data     extern C:\MCC18\SRC\TRADIT~1\PROC\p18f8520.asm
                     AEXP   0x00001f       data     extern C:\MCC18\SRC\TRADIT~1\MATH\aarg.asm
                   BARGB0   0x000023       data     extern C:\MCC18\SRC\TRADIT~1\MATH\barg.asm
                   BARGB1   0x000022       data     extern C:\MCC18\SRC\TRADIT~1\MATH\barg.asm
                   BARGB2   0x000021       data     extern C:\MCC18\SRC\TRADIT~1\MATH\barg.asm
                   BARGB3   0x000020       data     extern C:\MCC18\SRC\TRADIT~1\MATH\barg.asm
                     BEXP   0x000024       data     extern C:\MCC18\SRC\TRADIT~1\MATH\barg.asm
                      BSR   0x000fe0       data     extern C:\MCC18\SRC\TRADIT~1\PROC\p18f8520.asm
                  CCP1CON   0x000fbd       data     extern C:\MCC18\SRC\TRADIT~1\PROC\p18f8520.asm
              CCP1CONbits   0x000fbd       data     extern C:\MCC18\SRC\TRADIT~1\PROC\p18f8520.asm
                  CCP2CON   0x000fba       data     extern C:\MCC18\SRC\TRADIT~1\PROC\p18f8520.asm
              CCP2CONbits   0x000fba       data     extern C:\MCC18\SRC\TRADIT~1\PROC\p18f8520.asm
                  CCP3CON   0x000fb7       data     extern C:\MCC18\SRC\TRADIT~1\PROC\p18f8520.asm
              CCP3CONbits   0x000fb7       data     extern C:\MCC18\SRC\TRADIT~1\PROC\p18f8520.asm
                  CCP4CON   0x000f73       data     extern C:\MCC18\SRC\TRADIT~1\PROC\p18f8520.asm
              CCP4CONbits   0x000f73       data     extern C:\MCC18\SRC\TRADIT~1\PROC\p18f8520.asm
                  CCP5CON   0x000f70       data     extern C:\MCC18\SRC\TRADIT~1\PROC\p18f8520.asm
              CCP5CONbits   0x000f70       data     extern C:\MCC18\SRC\TRADIT~1\PROC\p18f8520.asm
                    CCPR1   0x000fbe       data     extern C:\MCC18\SRC\TRADIT~1\PROC\p18f8520.asm
                   CCPR1H   0x000fbf       data     extern C:\MCC18\SRC\TRADIT~1\PROC\p18f8520.asm
                   CCPR1L   0x000fbe       data     extern C:\MCC18\SRC\TRADIT~1\PROC\p18f8520.asm
                    CCPR2   0x000fbb       data     extern C:\MCC18\SRC\TRADIT~1\PROC\p18f8520.asm
                   CCPR2H   0x000fbc       data     extern C:\MCC18\SRC\TRADIT~1\PROC\p18f8520.asm
                   CCPR2L   0x000fbb       data     extern C:\MCC18\SRC\TRADIT~1\PROC\p18f8520.asm
                    CCPR3   0x000fb8       data     extern C:\MCC18\SRC\TRADIT~1\PROC\p18f8520.asm
                   CCPR3H   0x000fb9       data     extern C:\MCC18\SRC\TRADIT~1\PROC\p18f8520.asm
                   CCPR3L   0x000fb8       data     extern C:\MCC18\SRC\TRADIT~1\PROC\p18f8520.asm
                    CCPR4   0x000f74       data     extern C:\MCC18\SRC\TRADIT~1\PROC\p18f8520.asm
                   CCPR4H   0x000f75       data     extern C:\MCC18\SRC\TRADIT~1\PROC\p18f8520.asm
                   CCPR4L   0x000f74       data     extern C:\MCC18\SRC\TRADIT~1\PROC\p18f8520.asm
                    CCPR5   0x000f71       data     extern C:\MCC18\SRC\TRADIT~1\PROC\p18f8520.asm
                   CCPR5H   0x000f72       data     extern C:\MCC18\SRC\TRADIT~1\PROC\p18f8520.asm
                   CCPR5L   0x000f71       data     extern C:\MCC18\SRC\TRADIT~1\PROC\p18f8520.asm
                    CMCON   0x000fb4       data     extern C:\MCC18\SRC\TRADIT~1\PROC\p18f8520.asm
                CMCONbits   0x000fb4       data     extern C:\MCC18\SRC\TRADIT~1\PROC\p18f8520.asm
                   CVRCON   0x000fb5       data     extern C:\MCC18\SRC\TRADIT~1\PROC\p18f8520.asm
               CVRCONbits   0x000fb5       data     extern C:\MCC18\SRC\TRADIT~1\PROC\p18f8520.asm
                      Cnt   0x000013       data     static C:\mcc18\Projects\FrcCode\FrcCode\Util_lib.asm
                     Cnt1   0x000014       data     static C:\mcc18\Projects\FrcCode\FrcCode\Util_lib.asm
                     DDRA   0x000f92       data     extern C:\MCC18\SRC\TRADIT~1\PROC\p18f8520.asm
                 DDRAbits   0x000f92       data     extern C:\MCC18\SRC\TRADIT~1\PROC\p18f8520.asm
                     DDRB   0x000f93       data     extern C:\MCC18\SRC\TRADIT~1\PROC\p18f8520.asm
                 DDRBbits   0x000f93       data     extern C:\MCC18\SRC\TRADIT~1\PROC\p18f8520.asm
                     DDRC   0x000f94       data     extern C:\MCC18\SRC\TRADIT~1\PROC\p18f8520.asm
                 DDRCbits   0x000f94       data     extern C:\MCC18\SRC\TRADIT~1\PROC\p18f8520.asm
                     DDRD   0x000f95       data     extern C:\MCC18\SRC\TRADIT~1\PROC\p18f8520.asm
                 DDRDbits   0x000f95       data     extern C:\MCC18\SRC\TRADIT~1\PROC\p18f8520.asm
                     DDRE   0x000f96       data     extern C:\MCC18\SRC\TRADIT~1\PROC\p18f8520.asm
                 DDREbits   0x000f96       data     extern C:\MCC18\SRC\TRADIT~1\PROC\p18f8520.asm
                     DDRF   0x000f97       data     extern C:\MCC18\SRC\TRADIT~1\PROC\p18f8520.asm
                 DDRFbits   0x000f97       data     extern C:\MCC18\SRC\TRADIT~1\PROC\p18f8520.asm
                     DDRG   0x000f98       data     extern C:\MCC18\SRC\TRADIT~1\PROC\p18f8520.asm
                 DDRGbits   0x000f98       data     extern C:\MCC18\SRC\TRADIT~1\PROC\p18f8520.asm
                     DDRH   0x000f99       data     extern C:\MCC18\SRC\TRADIT~1\PROC\p18f8520.asm
                 DDRHbits   0x000f99       data     extern C:\MCC18\SRC\TRADIT~1\PROC\p18f8520.asm
                     DDRJ   0x000f9a       data     extern C:\MCC18\SRC\TRADIT~1\PROC\p18f8520.asm
                 DDRJbits   0x000f9a       data     extern C:\MCC18\SRC\TRADIT~1\PROC\p18f8520.asm
            DelayCounter1   0x000039       data     extern C:\MCC18\SRC\TRADIT~1\DELAYS\delayd1.asm
                    EEADR   0x000fa9       data     extern C:\MCC18\SRC\TRADIT~1\PROC\p18f8520.asm
                   EEADRH   0x000faa       data     extern C:\MCC18\SRC\TRADIT~1\PROC\p18f8520.asm
                   EECON1   0x000fa6       data     extern C:\MCC18\SRC\TRADIT~1\PROC\p18f8520.asm
               EECON1bits   0x000fa6       data     extern C:\MCC18\SRC\TRADIT~1\PROC\p18f8520.asm
                   EECON2   0x000fa7       data     extern C:\MCC18\SRC\TRADIT~1\PROC\p18f8520.asm
                   EEDATA   0x000fa8       data     extern C:\MCC18\SRC\TRADIT~1\PROC\p18f8520.asm
                  FPFLAGS   0x000026       data     extern C:\MCC18\SRC\TRADIT~1\MATH\cmath18.asm
              FPFLAGSbits   0x000026       data     extern C:\MCC18\SRC\TRADIT~1\MATH\cmath18.asm
                     FSR0   0x000fe9       data     extern C:\MCC18\SRC\TRADIT~1\PROC\p18f8520.asm
                    FSR0H   0x000fea       data     extern C:\MCC18\SRC\TRADIT~1\PROC\p18f8520.asm
                    FSR0L   0x000fe9       data     extern C:\MCC18\SRC\TRADIT~1\PROC\p18f8520.asm
                     FSR1   0x000fe1       data     extern C:\MCC18\SRC\TRADIT~1\PROC\p18f8520.asm
                    FSR1H   0x000fe2       data     extern C:\MCC18\SRC\TRADIT~1\PROC\p18f8520.asm
                    FSR1L   0x000fe1       data     extern C:\MCC18\SRC\TRADIT~1\PROC\p18f8520.asm
                     FSR2   0x000fd9       data     extern C:\MCC18\SRC\TRADIT~1\PROC\p18f8520.asm
                    FSR2H   0x000fda       data     extern C:\MCC18\SRC\TRADIT~1\PROC\p18f8520.asm
                    FSR2L   0x000fd9       data     extern C:\MCC18\SRC\TRADIT~1\PROC\p18f8520.asm
                FSRH_temp   0x000004       data     static C:\mcc18\Projects\FrcCode\FrcCode\Util_lib.asm
                FSRL_temp   0x000005       data     static C:\mcc18\Projects\FrcCode\FrcCode\Util_lib.asm
                        I   0x0007e4       data     static C:\mcc18\Projects\FrcCode\FrcCode\ifi_library.c
                        I   0x000156       data     static C:\FIRST_2005\223v2\ifi_utilities.c
                    INDF0   0x000fef       data     extern C:\MCC18\SRC\TRADIT~1\PROC\p18f8520.asm
                    INDF1   0x000fe7       data     extern C:\MCC18\SRC\TRADIT~1\PROC\p18f8520.asm
                    INDF2   0x000fdf       data     extern C:\MCC18\SRC\TRADIT~1\PROC\p18f8520.asm
                   INTCON   0x000ff2       data     extern C:\MCC18\SRC\TRADIT~1\PROC\p18f8520.asm
                  INTCON2   0x000ff1       data     extern C:\MCC18\SRC\TRADIT~1\PROC\p18f8520.asm
              INTCON2bits   0x000ff1       data     extern C:\MCC18\SRC\TRADIT~1\PROC\p18f8520.asm
                  INTCON3   0x000ff0       data     extern C:\MCC18\SRC\TRADIT~1\PROC\p18f8520.asm
              INTCON3bits   0x000ff0       data     extern C:\MCC18\SRC\TRADIT~1\PROC\p18f8520.asm
               INTCONbits   0x000ff2       data     extern C:\MCC18\SRC\TRADIT~1\PROC\p18f8520.asm
                     IPR1   0x000f9f       data     extern C:\MCC18\SRC\TRADIT~1\PROC\p18f8520.asm
                 IPR1bits   0x000f9f       data     extern C:\MCC18\SRC\TRADIT~1\PROC\p18f8520.asm
                     IPR2   0x000fa2       data     extern C:\MCC18\SRC\TRADIT~1\PROC\p18f8520.asm
                 IPR2bits   0x000fa2       data     extern C:\MCC18\SRC\TRADIT~1\PROC\p18f8520.asm
                     IPR3   0x000fa5       data     extern C:\MCC18\SRC\TRADIT~1\PROC\p18f8520.asm
                 IPR3bits   0x000fa5       data     extern C:\MCC18\SRC\TRADIT~1\PROC\p18f8520.asm
                 IntState   0x000726       data     static C:\FIRST_2005\223v2\user_SerialDrv.c
                     LATA   0x000f89       data     extern C:\MCC18\SRC\TRADIT~1\PROC\p18f8520.asm
                 LATAbits   0x000f89       data     extern C:\MCC18\SRC\TRADIT~1\PROC\p18f8520.asm
                     LATB   0x000f8a       data     extern C:\MCC18\SRC\TRADIT~1\PROC\p18f8520.asm
                 LATBbits   0x000f8a       data     extern C:\MCC18\SRC\TRADIT~1\PROC\p18f8520.asm
                     LATC   0x000f8b       data     extern C:\MCC18\SRC\TRADIT~1\PROC\p18f8520.asm
                 LATCbits   0x000f8b       data     extern C:\MCC18\SRC\TRADIT~1\PROC\p18f8520.asm
                     LATD   0x000f8c       data     extern C:\MCC18\SRC\TRADIT~1\PROC\p18f8520.asm
                 LATDbits   0x000f8c       data     extern C:\MCC18\SRC\TRADIT~1\PROC\p18f8520.asm
                     LATE   0x000f8d       data     extern C:\MCC18\SRC\TRADIT~1\PROC\p18f8520.asm
                 LATEbits   0x000f8d       data     extern C:\MCC18\SRC\TRADIT~1\PROC\p18f8520.asm
                     LATF   0x000f8e       data     extern C:\MCC18\SRC\TRADIT~1\PROC\p18f8520.asm
                 LATFbits   0x000f8e       data     extern C:\MCC18\SRC\TRADIT~1\PROC\p18f8520.asm
                     LATG   0x000f8f       data     extern C:\MCC18\SRC\TRADIT~1\PROC\p18f8520.asm
                 LATGbits   0x000f8f       data     extern C:\MCC18\SRC\TRADIT~1\PROC\p18f8520.asm
                     LATH   0x000f90       data     extern C:\MCC18\SRC\TRADIT~1\PROC\p18f8520.asm
                 LATHbits   0x000f90       data     extern C:\MCC18\SRC\TRADIT~1\PROC\p18f8520.asm
                     LATJ   0x000f91       data     extern C:\MCC18\SRC\TRADIT~1\PROC\p18f8520.asm
                 LATJbits   0x000f91       data     extern C:\MCC18\SRC\TRADIT~1\PROC\p18f8520.asm
                   LVDCON   0x000fd2       data     extern C:\MCC18\SRC\TRADIT~1\PROC\p18f8520.asm
               LVDCONbits   0x000fd2       data     extern C:\MCC18\SRC\TRADIT~1\PROC\p18f8520.asm
                L_counter   0x000275       data     static C:\FIRST_2005\223v2\autonomous_mode_1.c
       L_last_drive_value   0x000246       data     static C:\FIRST_2005\223v2\user_routines.c
               L_last_val   0x00022b       data     static C:\FIRST_2005\223v2\autonomous_mode_1.c
             L_limit_tick   0x000253       data     static C:\FIRST_2005\223v2\user_routines.c
        L_new_drive_value   0x000257       data     static C:\FIRST_2005\223v2\user_routines.c
              L_old_speed   0x00025b       data     static C:\FIRST_2005\223v2\user_routines.c
                   MEMCON   0x000f9c       data     extern C:\MCC18\SRC\TRADIT~1\PROC\p18f8520.asm
               MEMCONbits   0x000f9c       data     extern C:\MCC18\SRC\TRADIT~1\PROC\p18f8520.asm
                   OSCCON   0x000fd3       data     extern C:\MCC18\SRC\TRADIT~1\PROC\p18f8520.asm
               OSCCONbits   0x000fd3       data     extern C:\MCC18\SRC\TRADIT~1\PROC\p18f8520.asm
                       PC   0x000ff9       data     extern C:\MCC18\SRC\TRADIT~1\PROC\p18f8520.asm
                      PCL   0x000ff9       data     extern C:\MCC18\SRC\TRADIT~1\PROC\p18f8520.asm
                   PCLATH   0x000ffa       data     extern C:\MCC18\SRC\TRADIT~1\PROC\p18f8520.asm
                   PCLATU   0x000ffb       data     extern C:\MCC18\SRC\TRADIT~1\PROC\p18f8520.asm
                     PIE1   0x000f9d       data     extern C:\MCC18\SRC\TRADIT~1\PROC\p18f8520.asm
                 PIE1bits   0x000f9d       data     extern C:\MCC18\SRC\TRADIT~1\PROC\p18f8520.asm
                     PIE2   0x000fa0       data     extern C:\MCC18\SRC\TRADIT~1\PROC\p18f8520.asm
                 PIE2bits   0x000fa0       data     extern C:\MCC18\SRC\TRADIT~1\PROC\p18f8520.asm
                     PIE3   0x000fa3       data     extern C:\MCC18\SRC\TRADIT~1\PROC\p18f8520.asm
                 PIE3bits   0x000fa3       data     extern C:\MCC18\SRC\TRADIT~1\PROC\p18f8520.asm
                     PIR1   0x000f9e       data     extern C:\MCC18\SRC\TRADIT~1\PROC\p18f8520.asm
                 PIR1bits   0x000f9e       data     extern C:\MCC18\SRC\TRADIT~1\PROC\p18f8520.asm
                     PIR2   0x000fa1       data     extern C:\MCC18\SRC\TRADIT~1\PROC\p18f8520.asm
                 PIR2bits   0x000fa1       data     extern C:\MCC18\SRC\TRADIT~1\PROC\p18f8520.asm
                     PIR3   0x000fa4       data     extern C:\MCC18\SRC\TRADIT~1\PROC\p18f8520.asm
                 PIR3bits   0x000fa4       data     extern C:\MCC18\SRC\TRADIT~1\PROC\p18f8520.asm
                   PLUSW0   0x000feb       data     extern C:\MCC18\SRC\TRADIT~1\PROC\p18f8520.asm
                   PLUSW1   0x000fe3       data     extern C:\MCC18\SRC\TRADIT~1\PROC\p18f8520.asm
                   PLUSW2   0x000fdb       data     extern C:\MCC18\SRC\TRADIT~1\PROC\p18f8520.asm
                    PORTA   0x000f80       data     extern C:\MCC18\SRC\TRADIT~1\PROC\p18f8520.asm
                PORTAbits   0x000f80       data     extern C:\MCC18\SRC\TRADIT~1\PROC\p18f8520.asm
                    PORTB   0x000f81       data     extern C:\MCC18\SRC\TRADIT~1\PROC\p18f8520.asm
                PORTBbits   0x000f81       data     extern C:\MCC18\SRC\TRADIT~1\PROC\p18f8520.asm
                    PORTC   0x000f82       data     extern C:\MCC18\SRC\TRADIT~1\PROC\p18f8520.asm
                PORTCbits   0x000f82       data     extern C:\MCC18\SRC\TRADIT~1\PROC\p18f8520.asm
                    PORTD   0x000f83       data     extern C:\MCC18\SRC\TRADIT~1\PROC\p18f8520.asm
                PORTDbits   0x000f83       data     extern C:\MCC18\SRC\TRADIT~1\PROC\p18f8520.asm
                    PORTE   0x000f84       data     extern C:\MCC18\SRC\TRADIT~1\PROC\p18f8520.asm
                PORTEbits   0x000f84       data     extern C:\MCC18\SRC\TRADIT~1\PROC\p18f8520.asm
                    PORTF   0x000f85       data     extern C:\MCC18\SRC\TRADIT~1\PROC\p18f8520.asm
                PORTFbits   0x000f85       data     extern C:\MCC18\SRC\TRADIT~1\PROC\p18f8520.asm
                    PORTG   0x000f86       data     extern C:\MCC18\SRC\TRADIT~1\PROC\p18f8520.asm
                PORTGbits   0x000f86       data     extern C:\MCC18\SRC\TRADIT~1\PROC\p18f8520.asm
                    PORTH   0x000f87       data     extern C:\MCC18\SRC\TRADIT~1\PROC\p18f8520.asm
                PORTHbits   0x000f87       data     extern C:\MCC18\SRC\TRADIT~1\PROC\p18f8520.asm
                    PORTJ   0x000f88       data     extern C:\MCC18\SRC\TRADIT~1\PROC\p18f8520.asm
                PORTJbits   0x000f88       data     extern C:\MCC18\SRC\TRADIT~1\PROC\p18f8520.asm
               PORT_TRASH   0x000012       data     static C:\mcc18\Projects\FrcCode\FrcCode\Util_lib.asm
                 POSTDEC0   0x000fed       data     extern C:\MCC18\SRC\TRADIT~1\PROC\p18f8520.asm
                 POSTDEC1   0x000fe5       data     extern C:\MCC18\SRC\TRADIT~1\PROC\p18f8520.asm
                 POSTDEC2   0x000fdd       data     extern C:\MCC18\SRC\TRADIT~1\PROC\p18f8520.asm
                 POSTINC0   0x000fee       data     extern C:\MCC18\SRC\TRADIT~1\PROC\p18f8520.asm
                 POSTINC1   0x000fe6       data     extern C:\MCC18\SRC\TRADIT~1\PROC\p18f8520.asm
                 POSTINC2   0x000fde       data     extern C:\MCC18\SRC\TRADIT~1\PROC\p18f8520.asm
                      PR2   0x000fcb       data     extern C:\MCC18\SRC\TRADIT~1\PROC\p18f8520.asm
                      PR4   0x000f77       data     extern C:\MCC18\SRC\TRADIT~1\PROC\p18f8520.asm
                  PREINC0   0x000fec       data     extern C:\MCC18\SRC\TRADIT~1\PROC\p18f8520.asm
                  PREINC1   0x000fe4       data     extern C:\MCC18\SRC\TRADIT~1\PROC\p18f8520.asm
                  PREINC2   0x000fdc       data     extern C:\MCC18\SRC\TRADIT~1\PROC\p18f8520.asm
                     PROD   0x000ff3       data     extern C:\MCC18\SRC\TRADIT~1\PROC\p18f8520.asm
                    PRODH   0x000ff4       data     extern C:\MCC18\SRC\TRADIT~1\PROC\p18f8520.asm
                    PRODL   0x000ff3       data     extern C:\MCC18\SRC\TRADIT~1\PROC\p18f8520.asm
                   PSPCON   0x000fb0       data     extern C:\MCC18\SRC\TRADIT~1\PROC\p18f8520.asm
               PSPCONbits   0x000fb0       data     extern C:\MCC18\SRC\TRADIT~1\PROC\p18f8520.asm
           PWMdisableMask   0x000016       data     extern C:\mcc18\Projects\FrcCode\FrcCode\Util_lib.asm
                     RCON   0x000fd0       data     extern C:\MCC18\SRC\TRADIT~1\PROC\p18f8520.asm
                 RCONbits   0x000fd0       data     extern C:\MCC18\SRC\TRADIT~1\PROC\p18f8520.asm
                   RCREG1   0x000fae       data     extern C:\MCC18\SRC\TRADIT~1\PROC\p18f8520.asm
                   RCREG2   0x000f6e       data     extern C:\MCC18\SRC\TRADIT~1\PROC\p18f8520.asm
                    RCSTA   0x000fab       data     extern C:\MCC18\SRC\TRADIT~1\PROC\p18f8520.asm
                   RCSTA1   0x000fab       data     extern C:\MCC18\SRC\TRADIT~1\PROC\p18f8520.asm
               RCSTA1bits   0x000fab       data     extern C:\MCC18\SRC\TRADIT~1\PROC\p18f8520.asm
                   RCSTA2   0x000f6b       data     extern C:\MCC18\SRC\TRADIT~1\PROC\p18f8520.asm
               RCSTA2bits   0x000f6b       data     extern C:\MCC18\SRC\TRADIT~1\PROC\p18f8520.asm
                RCSTAbits   0x000fab       data     extern C:\MCC18\SRC\TRADIT~1\PROC\p18f8520.asm
                    REMB0   0x00001a       data     extern C:\MCC18\SRC\TRADIT~1\MATH\aarg.asm
                    REMB1   0x000019       data     extern C:\MCC18\SRC\TRADIT~1\MATH\aarg.asm
                    REMB2   0x000018       data     extern C:\MCC18\SRC\TRADIT~1\MATH\aarg.asm
                    REMB3   0x000017       data     extern C:\MCC18\SRC\TRADIT~1\MATH\aarg.asm
                R_counter   0x000277       data     static C:\FIRST_2005\223v2\autonomous_mode_1.c
       R_last_drive_value   0x000248       data     static C:\FIRST_2005\223v2\user_routines.c
               R_last_val   0x00022c       data     static C:\FIRST_2005\223v2\autonomous_mode_1.c
             R_limit_tick   0x000251       data     static C:\FIRST_2005\223v2\user_routines.c
        R_new_drive_value   0x000255       data     static C:\FIRST_2005\223v2\user_routines.c
              R_old_speed   0x000259       data     static C:\FIRST_2005\223v2\user_routines.c
                     SIGN   0x000025       data     extern C:\MCC18\SRC\TRADIT~1\MATH\cmath18.asm
                    SPBRG   0x000faf       data     extern C:\MCC18\SRC\TRADIT~1\PROC\p18f8520.asm
                   SPBRG1   0x000faf       data     extern C:\MCC18\SRC\TRADIT~1\PROC\p18f8520.asm
                   SPBRG2   0x000f6f       data     extern C:\MCC18\SRC\TRADIT~1\PROC\p18f8520.asm
                   SSPADD   0x000fc8       data     extern C:\MCC18\SRC\TRADIT~1\PROC\p18f8520.asm
                   SSPBUF   0x000fc9       data     extern C:\MCC18\SRC\TRADIT~1\PROC\p18f8520.asm
                  SSPCON1   0x000fc6       data     extern C:\MCC18\SRC\TRADIT~1\PROC\p18f8520.asm
              SSPCON1bits   0x000fc6       data     extern C:\MCC18\SRC\TRADIT~1\PROC\p18f8520.asm
                  SSPCON2   0x000fc5       data     extern C:\MCC18\SRC\TRADIT~1\PROC\p18f8520.asm
              SSPCON2bits   0x000fc5       data     extern C:\MCC18\SRC\TRADIT~1\PROC\p18f8520.asm
                  SSPSTAT   0x000fc7       data     extern C:\MCC18\SRC\TRADIT~1\PROC\p18f8520.asm
              SSPSTATbits   0x000fc7       data     extern C:\MCC18\SRC\TRADIT~1\PROC\p18f8520.asm
                   STATUS   0x000fd8       data     extern C:\MCC18\SRC\TRADIT~1\PROC\p18f8520.asm
               STATUSbits   0x000fd8       data     extern C:\MCC18\SRC\TRADIT~1\PROC\p18f8520.asm
                   STKPTR   0x000ffc       data     extern C:\MCC18\SRC\TRADIT~1\PROC\p18f8520.asm
               STKPTRbits   0x000ffc       data     extern C:\MCC18\SRC\TRADIT~1\PROC\p18f8520.asm
                    T0CON   0x000fd5       data     extern C:\MCC18\SRC\TRADIT~1\PROC\p18f8520.asm
                T0CONbits   0x000fd5       data     extern C:\MCC18\SRC\TRADIT~1\PROC\p18f8520.asm
                    T1CON   0x000fcd       data     extern C:\MCC18\SRC\TRADIT~1\PROC\p18f8520.asm
                T1CONbits   0x000fcd       data     extern C:\MCC18\SRC\TRADIT~1\PROC\p18f8520.asm
                    T2CON   0x000fca       data     extern C:\MCC18\SRC\TRADIT~1\PROC\p18f8520.asm
                T2CONbits   0x000fca       data     extern C:\MCC18\SRC\TRADIT~1\PROC\p18f8520.asm
                    T3CON   0x000fb1       data     extern C:\MCC18\SRC\TRADIT~1\PROC\p18f8520.asm
                T3CONbits   0x000fb1       data     extern C:\MCC18\SRC\TRADIT~1\PROC\p18f8520.asm
                    T4CON   0x000f76       data     extern C:\MCC18\SRC\TRADIT~1\PROC\p18f8520.asm
                T4CONbits   0x000f76       data     extern C:\MCC18\SRC\TRADIT~1\PROC\p18f8520.asm
                   TABLAT   0x000ff5       data     extern C:\MCC18\SRC\TRADIT~1\PROC\p18f8520.asm
                   TBLPTR   0x000ff6       data     extern C:\MCC18\SRC\TRADIT~1\PROC\p18f8520.asm
                  TBLPTRH   0x000ff7       data     extern C:\MCC18\SRC\TRADIT~1\PROC\p18f8520.asm
                  TBLPTRL   0x000ff6       data     extern C:\MCC18\SRC\TRADIT~1\PROC\p18f8520.asm
                  TBLPTRU   0x000ff8       data     extern C:\MCC18\SRC\TRADIT~1\PROC\p18f8520.asm
                     TEMP   0x00002a       data     extern C:\MCC18\SRC\TRADIT~1\MATH\temparg.asm
                   TEMPB0   0x00002a       data     extern C:\MCC18\SRC\TRADIT~1\MATH\temparg.asm
                   TEMPB1   0x000029       data     extern C:\MCC18\SRC\TRADIT~1\MATH\temparg.asm
                   TEMPB2   0x000028       data     extern C:\MCC18\SRC\TRADIT~1\MATH\temparg.asm
                   TEMPB3   0x000027       data     extern C:\MCC18\SRC\TRADIT~1\MATH\temparg.asm
                    TMR0H   0x000fd7       data     extern C:\MCC18\SRC\TRADIT~1\PROC\p18f8520.asm
                    TMR0L   0x000fd6       data     extern C:\MCC18\SRC\TRADIT~1\PROC\p18f8520.asm
                    TMR1H   0x000fcf       data     extern C:\MCC18\SRC\TRADIT~1\PROC\p18f8520.asm
                    TMR1L   0x000fce       data     extern C:\MCC18\SRC\TRADIT~1\PROC\p18f8520.asm
                     TMR2   0x000fcc       data     extern C:\MCC18\SRC\TRADIT~1\PROC\p18f8520.asm
                    TMR3H   0x000fb3       data     extern C:\MCC18\SRC\TRADIT~1\PROC\p18f8520.asm
                    TMR3L   0x000fb2       data     extern C:\MCC18\SRC\TRADIT~1\PROC\p18f8520.asm
                     TMR4   0x000f78       data     extern C:\MCC18\SRC\TRADIT~1\PROC\p18f8520.asm
                      TOS   0x000ffd       data     extern C:\MCC18\SRC\TRADIT~1\PROC\p18f8520.asm
                     TOSH   0x000ffe       data     extern C:\MCC18\SRC\TRADIT~1\PROC\p18f8520.asm
                     TOSL   0x000ffd       data     extern C:\MCC18\SRC\TRADIT~1\PROC\p18f8520.asm
                     TOSU   0x000fff       data     extern C:\MCC18\SRC\TRADIT~1\PROC\p18f8520.asm
                    TRISA   0x000f92       data     extern C:\MCC18\SRC\TRADIT~1\PROC\p18f8520.asm
                TRISAbits   0x000f92       data     extern C:\MCC18\SRC\TRADIT~1\PROC\p18f8520.asm
                    TRISB   0x000f93       data     extern C:\MCC18\SRC\TRADIT~1\PROC\p18f8520.asm
                TRISBbits   0x000f93       data     extern C:\MCC18\SRC\TRADIT~1\PROC\p18f8520.asm
                    TRISC   0x000f94       data     extern C:\MCC18\SRC\TRADIT~1\PROC\p18f8520.asm
                TRISCbits   0x000f94       data     extern C:\MCC18\SRC\TRADIT~1\PROC\p18f8520.asm
                    TRISD   0x000f95       data     extern C:\MCC18\SRC\TRADIT~1\PROC\p18f8520.asm
                TRISDbits   0x000f95       data     extern C:\MCC18\SRC\TRADIT~1\PROC\p18f8520.asm
                    TRISE   0x000f96       data     extern C:\MCC18\SRC\TRADIT~1\PROC\p18f8520.asm
                TRISEbits   0x000f96       data     extern C:\MCC18\SRC\TRADIT~1\PROC\p18f8520.asm
                    TRISF   0x000f97       data     extern C:\MCC18\SRC\TRADIT~1\PROC\p18f8520.asm
                TRISFbits   0x000f97       data     extern C:\MCC18\SRC\TRADIT~1\PROC\p18f8520.asm
                    TRISG   0x000f98       data     extern C:\MCC18\SRC\TRADIT~1\PROC\p18f8520.asm
                TRISGbits   0x000f98       data     extern C:\MCC18\SRC\TRADIT~1\PROC\p18f8520.asm
                    TRISH   0x000f99       data     extern C:\MCC18\SRC\TRADIT~1\PROC\p18f8520.asm
                TRISHbits   0x000f99       data     extern C:\MCC18\SRC\TRADIT~1\PROC\p18f8520.asm
                    TRISJ   0x000f9a       data     extern C:\MCC18\SRC\TRADIT~1\PROC\p18f8520.asm
                TRISJbits   0x000f9a       data     extern C:\MCC18\SRC\TRADIT~1\PROC\p18f8520.asm
                    TXREG   0x000fad       data     extern C:\MCC18\SRC\TRADIT~1\PROC\p18f8520.asm
                   TXREG1   0x000fad       data     extern C:\MCC18\SRC\TRADIT~1\PROC\p18f8520.asm
                   TXREG2   0x000f6d       data     extern C:\MCC18\SRC\TRADIT~1\PROC\p18f8520.asm
                    TXSTA   0x000fac       data     extern C:\MCC18\SRC\TRADIT~1\PROC\p18f8520.asm
                   TXSTA1   0x000fac       data     extern C:\MCC18\SRC\TRADIT~1\PROC\p18f8520.asm
               TXSTA1bits   0x000fac       data     extern C:\MCC18\SRC\TRADIT~1\PROC\p18f8520.asm
                   TXSTA2   0x000f6c       data     extern C:\MCC18\SRC\TRADIT~1\PROC\p18f8520.asm
               TXSTA2bits   0x000f6c       data     extern C:\MCC18\SRC\TRADIT~1\PROC\p18f8520.asm
[...]
                 LATDbits   0x000f8c       data     extern C:\MCC18\SRC\TRADIT~1\PROC\p18f8520.asm
                     LATD   0x000f8c       data     extern C:\MCC18\SRC\TRADIT~1\PROC\p18f8520.asm
                 LATEbits   0x000f8d       data     extern C:\MCC18\SRC\TRADIT~1\PROC\p18f8520.asm
                     LATE   0x000f8d       data     extern C:\MCC18\SRC\TRADIT~1\PROC\p18f8520.asm
                 LATFbits   0x000f8e       data     extern C:\MCC18\SRC\TRADIT~1\PROC\p18f8520.asm
                     LATF   0x000f8e       data     extern C:\MCC18\SRC\TRADIT~1\PROC\p18f8520.asm
                 LATGbits   0x000f8f       data     extern C:\MCC18\SRC\TRADIT~1\PROC\p18f8520.asm
                     LATG   0x000f8f       data     extern C:\MCC18\SRC\TRADIT~1\PROC\p18f8520.asm
                 LATHbits   0x000f90       data     extern C:\MCC18\SRC\TRADIT~1\PROC\p18f8520.asm
                     LATH   0x000f90       data     extern C:\MCC18\SRC\TRADIT~1\PROC\p18f8520.asm
                 LATJbits   0x000f91       data     extern C:\MCC18\SRC\TRADIT~1\PROC\p18f8520.asm
                     LATJ   0x000f91       data     extern C:\MCC18\SRC\TRADIT~1\PROC\p18f8520.asm
                    TRISA   0x000f92       data     extern C:\MCC18\SRC\TRADIT~1\PROC\p18f8520.asm
                TRISAbits   0x000f92       data     extern C:\MCC18\SRC\TRADIT~1\PROC\p18f8520.asm
                 DDRAbits   0x000f92       data     extern C:\MCC18\SRC\TRADIT~1\PROC\p18f8520.asm
                     DDRA   0x000f92       data     extern C:\MCC18\SRC\TRADIT~1\PROC\p18f8520.asm
                TRISBbits   0x000f93       data     extern C:\MCC18\SRC\TRADIT~1\PROC\p18f8520.asm
                    TRISB   0x000f93       data     extern C:\MCC18\SRC\TRADIT~1\PROC\p18f8520.asm
                     DDRB   0x000f93       data     extern C:\MCC18\SRC\TRADIT~1\PROC\p18f8520.asm
                 DDRBbits   0x000f93       data     extern C:\MCC18\SRC\TRADIT~1\PROC\p18f8520.asm
                    TRISC   0x000f94       data     extern C:\MCC18\SRC\TRADIT~1\PROC\p18f8520.asm
                TRISCbits   0x000f94       data     extern C:\MCC18\SRC\TRADIT~1\PROC\p18f8520.asm
                     DDRC   0x000f94       data     extern C:\MCC18\SRC\TRADIT~1\PROC\p18f8520.asm
                 DDRCbits   0x000f94       data     extern C:\MCC18\SRC\TRADIT~1\PROC\p18f8520.asm
                    TRISD   0x000f95       data     extern C:\MCC18\SRC\TRADIT~1\PROC\p18f8520.asm
                 DDRDbits   0x000f95       data     extern C:\MCC18\SRC\TRADIT~1\PROC\p18f8520.asm
                     DDRD   0x000f95       data     extern C:\MCC18\SRC\TRADIT~1\PROC\p18f8520.asm
                TRISDbits   0x000f95       data     extern C:\MCC18\SRC\TRADIT~1\PROC\p18f8520.asm
                TRISEbits   0x000f96       data     extern C:\MCC18\SRC\TRADIT~1\PROC\p18f8520.asm
                 DDREbits   0x000f96       data     extern C:\MCC18\SRC\TRADIT~1\PROC\p18f8520.asm
                     DDRE   0x000f96       data     extern C:\MCC18\SRC\TRADIT~1\PROC\p18f8520.asm
                    TRISE   0x000f96       data     extern C:\MCC18\SRC\TRADIT~1\PROC\p18f8520.asm
                    TRISF   0x000f97       data     extern C:\MCC18\SRC\TRADIT~1\PROC\p18f8520.asm
                TRISFbits   0x000f97       data     extern C:\MCC18\SRC\TRADIT~1\PROC\p18f8520.asm
                 DDRFbits   0x000f97       data     extern C:\MCC18\SRC\TRADIT~1\PROC\p18f8520.asm
                     DDRF   0x000f97       data     extern C:\MCC18\SRC\TRADIT~1\PROC\p18f8520.asm
                    TRISG   0x000f98       data     extern C:\MCC18\SRC\TRADIT~1\PROC\p18f8520.asm
                TRISGbits   0x000f98       data     extern C:\MCC18\SRC\TRADIT~1\PROC\p18f8520.asm
                     DDRG   0x000f98       data     extern C:\MCC18\SRC\TRADIT~1\PROC\p18f8520.asm
                 DDRGbits   0x000f98       data     extern C:\MCC18\SRC\TRADIT~1\PROC\p18f8520.asm
                 DDRHbits   0x000f99       data     extern C:\MCC18\SRC\TRADIT~1\PROC\p18f8520.asm
                TRISHbits   0x000f99       data     extern C:\MCC18\SRC\TRADIT~1\PROC\p18f8520.asm
                    TRISH   0x000f99       data     extern C:\MCC18\SRC\TRADIT~1\PROC\p18f8520.asm
                     DDRH   0x000f99       data     extern C:\MCC18\SRC\TRADIT~1\PROC\p18f8520.asm
                    TRISJ   0x000f9a       data     extern C:\MCC18\SRC\TRADIT~1\PROC\p18f8520.asm
                TRISJbits   0x000f9a       data     extern C:\MCC18\SRC\TRADIT~1\PROC\p18f8520.asm
                     DDRJ   0x000f9a       data     extern C:\MCC18\SRC\TRADIT~1\PROC\p18f8520.asm
                 DDRJbits   0x000f9a       data     extern C:\MCC18\SRC\TRADIT~1\PROC\p18f8520.asm
                   MEMCON   0x000f9c       data     extern C:\MCC18\SRC\TRADIT~1\PROC\p18f8520.asm
               MEMCONbits   0x000f9c       data     extern C:\MCC18\SRC\TRADIT~1\PROC\p18f8520.asm
                 PIE1bits   0x000f9d       data     extern C:\MCC18\SRC\TRADIT~1\PROC\p18f8520.asm
                     PIE1   0x000f9d       data     extern C:\MCC18\SRC\TRADIT~1\PROC\p18f8520.asm
                     PIR1   0x000f9e       data     extern C:\MCC18\SRC\TRADIT~1\PROC\p18f8520.asm
                 PIR1bits   0x000f9e       data     extern C:\MCC18\SRC\TRADIT~1\PROC\p18f8520.asm
                     IPR1   0x000f9f       data     extern C:\MCC18\SRC\TRADIT~1\PROC\p18f8520.asm
                 IPR1bits   0x000f9f       data     extern C:\MCC18\SRC\TRADIT~1\PROC\p18f8520.asm
                 PIE2bits   0x000fa0       data     extern C:\MCC18\SRC\TRADIT~1\PROC\p18f8520.asm
                     PIE2   0x000fa0       data     extern C:\MCC18\SRC\TRADIT~1\PROC\p18f8520.asm
                     PIR2   0x000fa1       data     extern C:\MCC18\SRC\TRADIT~1\PROC\p18f8520.asm
                 PIR2bits   0x000fa1       data     extern C:\MCC18\SRC\TRADIT~1\PROC\p18f8520.asm
                 IPR2bits   0x000fa2       data     extern C:\MCC18\SRC\TRADIT~1\PROC\p18f8520.asm
                     IPR2   0x000fa2       data     extern C:\MCC18\SRC\TRADIT~1\PROC\p18f8520.asm
                 PIE3bits   0x000fa3       data     extern C:\MCC18\SRC\TRADIT~1\PROC\p18f8520.asm
                     PIE3   0x000fa3       data     extern C:\MCC18\SRC\TRADIT~1\PROC\p18f8520.asm
                     PIR3   0x000fa4       data     extern C:\MCC18\SRC\TRADIT~1\PROC\p18f8520.asm
                 PIR3bits   0x000fa4       data     extern C:\MCC18\SRC\TRADIT~1\PROC\p18f8520.asm
                 IPR3bits   0x000fa5       data     extern C:\MCC18\SRC\TRADIT~1\PROC\p18f8520.asm
                     IPR3   0x000fa5       data     extern C:\MCC18\SRC\TRADIT~1\PROC\p18f8520.asm
                   EECON1   0x000fa6       data     extern C:\MCC18\SRC\TRADIT~1\PROC\p18f8520.asm
               EECON1bits   0x000fa6       data     extern C:\MCC18\SRC\TRADIT~1\PROC\p18f8520.asm
                   EECON2   0x000fa7       data     extern C:\MCC18\SRC\TRADIT~1\PROC\p18f8520.asm
                   EEDATA   0x000fa8       data     extern C:\MCC18\SRC\TRADIT~1\PROC\p18f8520.asm
                    EEADR   0x000fa9       data     extern C:\MCC18\SRC\TRADIT~1\PROC\p18f8520.asm
                   EEADRH   0x000faa       data     extern C:\MCC18\SRC\TRADIT~1\PROC\p18f8520.asm
                RCSTAbits   0x000fab       data     extern C:\MCC18\SRC\TRADIT~1\PROC\p18f8520.asm
                    RCSTA   0x000fab       data     extern C:\MCC18\SRC\TRADIT~1\PROC\p18f8520.asm
                   RCSTA1   0x000fab       data     extern C:\MCC18\SRC\TRADIT~1\PROC\p18f8520.asm
               RCSTA1bits   0x000fab       data     extern C:\MCC18\SRC\TRADIT~1\PROC\p18f8520.asm
                TXSTAbits   0x000fac       data     extern C:\MCC18\SRC\TRADIT~1\PROC\p18f8520.asm
               TXSTA1bits   0x000fac       data     extern C:\MCC18\SRC\TRADIT~1\PROC\p18f8520.asm
                   TXSTA1   0x000fac       data     extern C:\MCC18\SRC\TRADIT~1\PROC\p18f8520.asm
                    TXSTA   0x000fac       data     extern C:\MCC18\SRC\TRADIT~1\PROC\p18f8520.asm
                   TXREG1   0x000fad       data     extern C:\MCC18\SRC\TRADIT~1\PROC\p18f8520.asm
                    TXREG   0x000fad       data     extern C:\MCC18\SRC\TRADIT~1\PROC\p18f8520.asm
                   RCREG1   0x000fae       data     extern C:\MCC18\SRC\TRADIT~1\PROC\p18f8520.asm
                   SPBRG1   0x000faf       data     extern C:\MCC18\SRC\TRADIT~1\PROC\p18f8520.asm
                    SPBRG   0x000faf       data     extern C:\MCC18\SRC\TRADIT~1\PROC\p18f8520.asm
               PSPCONbits   0x000fb0       data     extern C:\MCC18\SRC\TRADIT~1\PROC\p18f8520.asm
                   PSPCON   0x000fb0       data     extern C:\MCC18\SRC\TRADIT~1\PROC\p18f8520.asm
                    T3CON   0x000fb1       data     extern C:\MCC18\SRC\TRADIT~1\PROC\p18f8520.asm
                T3CONbits   0x000fb1       data     extern C:\MCC18\SRC\TRADIT~1\PROC\p18f8520.asm
                    TMR3L   0x000fb2       data     extern C:\MCC18\SRC\TRADIT~1\PROC\p18f8520.asm
                    TMR3H   0x000fb3       data     extern C:\MCC18\SRC\TRADIT~1\PROC\p18f8520.asm
                    CMCON   0x000fb4       data     extern C:\MCC18\SRC\TRADIT~1\PROC\p18f8520.asm
                CMCONbits   0x000fb4       data     extern C:\MCC18\SRC\TRADIT~1\PROC\p18f8520.asm
               CVRCONbits   0x000fb5       data     extern C:\MCC18\SRC\TRADIT~1\PROC\p18f8520.asm
                   CVRCON   0x000fb5       data     extern C:\MCC18\SRC\TRADIT~1\PROC\p18f8520.asm
              CCP3CONbits   0x000fb7       data     extern C:\MCC18\SRC\TRADIT~1\PROC\p18f8520.asm
                  CCP3CON   0x000fb7       data     extern C:\MCC18\SRC\TRADIT~1\PROC\p18f8520.asm
                   CCPR3L   0x000fb8       data     extern C:\MCC18\SRC\TRADIT~1\PROC\p18f8520.asm
                    CCPR3   0x000fb8       data     extern C:\MCC18\SRC\TRADIT~1\PROC\p18f8520.asm
                   CCPR3H   0x000fb9       data     extern C:\MCC18\SRC\TRADIT~1\PROC\p18f8520.asm
              CCP2CONbits   0x000fba       data     extern C:\MCC18\SRC\TRADIT~1\PROC\p18f8520.asm
                  CCP2CON   0x000fba       data     extern C:\MCC18\SRC\TRADIT~1\PROC\p18f8520.asm
                    CCPR2   0x000fbb       data     extern C:\MCC18\SRC\TRADIT~1\PROC\p18f8520.asm
                   CCPR2L   0x000fbb       data     extern C:\MCC18\SRC\TRADIT~1\PROC\p18f8520.asm
                   CCPR2H   0x000fbc       data     extern C:\MCC18\SRC\TRADIT~1\PROC\p18f8520.asm
              CCP1CONbits   0x000fbd       data     extern C:\MCC18\SRC\TRADIT~1\PROC\p18f8520.asm
                  CCP1CON   0x000fbd       data     extern C:\MCC18\SRC\TRADIT~1\PROC\p18f8520.asm
                   CCPR1L   0x000fbe       data     extern C:\MCC18\SRC\TRADIT~1\PROC\p18f8520.asm
                    CCPR1   0x000fbe       data     extern C:\MCC18\SRC\TRADIT~1\PROC\p18f8520.asm
                   CCPR1H   0x000fbf       data     extern C:\MCC18\SRC\TRADIT~1\PROC\p18f8520.asm
               ADCON2bits   0x000fc0       data     extern C:\MCC18\SRC\TRADIT~1\PROC\p18f8520.asm
                   ADCON2   0x000fc0       data     extern C:\MCC18\SRC\TRADIT~1\PROC\p18f8520.asm
               ADCON1bits   0x000fc1       data     extern C:\MCC18\SRC\TRADIT~1\PROC\p18f8520.asm
                   ADCON1   0x000fc1       data     extern C:\MCC18\SRC\TRADIT~1\PROC\p18f8520.asm
               ADCON0bits   0x000fc2       data     extern C:\MCC18\SRC\TRADIT~1\PROC\p18f8520.asm
                   ADCON0   0x000fc2       data     extern C:\MCC18\SRC\TRADIT~1\PROC\p18f8520.asm
                    ADRES   0x000fc3       data     extern C:\MCC18\SRC\TRADIT~1\PROC\p18f8520.asm
                   ADRESL   0x000fc3       data     extern C:\MCC18\SRC\TRADIT~1\PROC\p18f8520.asm
                   ADRESH   0x000fc4       data     extern C:\MCC18\SRC\TRADIT~1\PROC\p18f8520.asm
              SSPCON2bits   0x000fc5       data     extern C:\MCC18\SRC\TRADIT~1\PROC\p18f8520.asm
                  SSPCON2   0x000fc5       data     extern C:\MCC18\SRC\TRADIT~1\PROC\p18f8520.asm
              SSPCON1bits   0x000fc6       data     extern C:\MCC18\SRC\TRADIT~1\PROC\p18f8520.asm
                  SSPCON1   0x000fc6       data     extern C:\MCC18\SRC\TRADIT~1\PROC\p18f8520.asm
              SSPSTATbits   0x000fc7       data     extern C:\MCC18\SRC\TRADIT~1\PROC\p18f8520.asm
                  SSPSTAT   0x000fc7       data     extern C:\MCC18\SRC\TRADIT~1\PROC\p18f8520.asm
                   SSPADD   0x000fc8       data     extern C:\MCC18\SRC\TRADIT~1\PROC\p18f8520.asm
                   SSPBUF   0x000fc9       data     extern C:\MCC18\SRC\TRADIT~1\PROC\p18f8520.asm
                    T2CON   0x000fca       data     extern C:\MCC18\SRC\TRADIT~1\PROC\p18f8520.asm
                T2CONbits   0x000fca       data     extern C:\MCC18\SRC\TRADIT~1\PROC\p18f8520.asm
                      PR2   0x000fcb       data     extern C:\MCC18\SRC\TRADIT~1\PROC\p18f8520.asm
                     TMR2   0x000fcc       data     extern C:\MCC18\SRC\TRADIT~1\PROC\p18f8520.asm
                T1CONbits   0x000fcd       data     extern C:\MCC18\SRC\TRADIT~1\PROC\p18f8520.asm
                    T1CON   0x000fcd       data     extern C:\MCC18\SRC\TRADIT~1\PROC\p18f8520.asm
                    TMR1L   0x000fce       data     extern C:\MCC18\SRC\TRADIT~1\PROC\p18f8520.asm
                    TMR1H   0x000fcf       data     extern C:\MCC18\SRC\TRADIT~1\PROC\p18f8520.asm
                     RCON   0x000fd0       data     extern C:\MCC18\SRC\TRADIT~1\PROC\p18f8520.asm
                 RCONbits   0x000fd0       data     extern C:\MCC18\SRC\TRADIT~1\PROC\p18f8520.asm
                   WDTCON   0x000fd1       data     extern C:\MCC18\SRC\TRADIT~1\PROC\p18f8520.asm
               WDTCONbits   0x000fd1       data     extern C:\MCC18\SRC\TRADIT~1\PROC\p18f8520.asm
                   LVDCON   0x000fd2       data     extern C:\MCC18\SRC\TRADIT~1\PROC\p18f8520.asm
               LVDCONbits   0x000fd2       data     extern C:\MCC18\SRC\TRADIT~1\PROC\p18f8520.asm
               OSCCONbits   0x000fd3       data     extern C:\MCC18\SRC\TRADIT~1\PROC\p18f8520.asm
                   OSCCON   0x000fd3       data     extern C:\MCC18\SRC\TRADIT~1\PROC\p18f8520.asm
                T0CONbits   0x000fd5       data     extern C:\MCC18\SRC\TRADIT~1\PROC\p18f8520.asm
                    T0CON   0x000fd5       data     extern C:\MCC18\SRC\TRADIT~1\PROC\p18f8520.asm
                    TMR0L   0x000fd6       data     extern C:\MCC18\SRC\TRADIT~1\PROC\p18f8520.asm
                    TMR0H   0x000fd7       data     extern C:\MCC18\SRC\TRADIT~1\PROC\p18f8520.asm
                   STATUS   0x000fd8       data     extern C:\MCC18\SRC\TRADIT~1\PROC\p18f8520.asm
               STATUSbits   0x000fd8       data     extern C:\MCC18\SRC\TRADIT~1\PROC\p18f8520.asm
                     FSR2   0x000fd9       data     extern C:\MCC18\SRC\TRADIT~1\PROC\p18f8520.asm
                    FSR2L   0x000fd9       data     extern C:\MCC18\SRC\TRADIT~1\PROC\p18f8520.asm
                    FSR2H   0x000fda       data     extern C:\MCC18\SRC\TRADIT~1\PROC\p18f8520.asm
                   PLUSW2   0x000fdb       data     extern C:\MCC18\SRC\TRADIT~1\PROC\p18f8520.asm
                  PREINC2   0x000fdc       data     extern C:\MCC18\SRC\TRADIT~1\PROC\p18f8520.asm
                 POSTDEC2   0x000fdd       data     extern C:\MCC18\SRC\TRADIT~1\PROC\p18f8520.asm
                 POSTINC2   0x000fde       data     extern C:\MCC18\SRC\TRADIT~1\PROC\p18f8520.asm
                    INDF2   0x000fdf       data     extern C:\MCC18\SRC\TRADIT~1\PROC\p18f8520.asm
                      BSR   0x000fe0       data     extern C:\MCC18\SRC\TRADIT~1\PROC\p18f8520.asm
                    FSR1L   0x000fe1       data     extern C:\MCC18\SRC\TRADIT~1\PROC\p18f8520.asm
                     FSR1   0x000fe1       data     extern C:\MCC18\SRC\TRADIT~1\PROC\p18f8520.asm
                    FSR1H   0x000fe2       data     extern C:\MCC18\SRC\TRADIT~1\PROC\p18f8520.asm
                   PLUSW1   0x000fe3       data     extern C:\MCC18\SRC\TRADIT~1\PROC\p18f8520.asm
                  PREINC1   0x000fe4       data     extern C:\MCC18\SRC\TRADIT~1\PROC\p18f8520.asm
                 POSTDEC1   0x000fe5       data     extern C:\MCC18\SRC\TRADIT~1\PROC\p18f8520.asm
                 POSTINC1   0x000fe6       data     extern C:\MCC18\SRC\TRADIT~1\PROC\p18f8520.asm
                    INDF1   0x000fe7       data     extern C:\MCC18\SRC\TRADIT~1\PROC\p18f8520.asm
                     WREG   0x000fe8       data     extern C:\MCC18\SRC\TRADIT~1\PROC\p18f8520.asm
                    FSR0L   0x000fe9       data     extern C:\MCC18\SRC\TRADIT~1\PROC\p18f8520.asm
                     FSR0   0x000fe9       data     extern C:\MCC18\SRC\TRADIT~1\PROC\p18f8520.asm
                    FSR0H   0x000fea       data     extern C:\MCC18\SRC\TRADIT~1\PROC\p18f8520.asm
                   PLUSW0   0x000feb       data     extern C:\MCC18\SRC\TRADIT~1\PROC\p18f8520.asm
                  PREINC0   0x000fec       data     extern C:\MCC18\SRC\TRADIT~1\PROC\p18f8520.asm
                 POSTDEC0   0x000fed       data     extern C:\MCC18\SRC\TRADIT~1\PROC\p18f8520.asm
                 POSTINC0   0x000fee       data     extern C:\MCC18\SRC\TRADIT~1\PROC\p18f8520.asm
                    INDF0   0x000fef       data     extern C:\MCC18\SRC\TRADIT~1\PROC\p18f8520.asm
                  INTCON3   0x000ff0       data     extern C:\MCC18\SRC\TRADIT~1\PROC\p18f8520.asm
              INTCON3bits   0x000ff0       data     extern C:\MCC18\SRC\TRADIT~1\PROC\p18f8520.asm
              INTCON2bits   0x000ff1       data     extern C:\MCC18\SRC\TRADIT~1\PROC\p18f8520.asm
                  INTCON2   0x000ff1       data     extern C:\MCC18\SRC\TRADIT~1\PROC\p18f8520.asm
                   INTCON   0x000ff2       data     extern C:\MCC18\SRC\TRADIT~1\PROC\p18f8520.asm
               INTCONbits   0x000ff2       data     extern C:\MCC18\SRC\TRADIT~1\PROC\p18f8520.asm
                     PROD   0x000ff3       data     extern C:\MCC18\SRC\TRADIT~1\PROC\p18f8520.asm
                    PRODL   0x000ff3       data     extern C:\MCC18\SRC\TRADIT~1\PROC\p18f8520.asm
                    PRODH   0x000ff4       data     extern C:\MCC18\SRC\TRADIT~1\PROC\p18f8520.asm
                   TABLAT   0x000ff5       data     extern C:\MCC18\SRC\TRADIT~1\PROC\p18f8520.asm
                  TBLPTRL   0x000ff6       data     extern C:\MCC18\SRC\TRADIT~1\PROC\p18f8520.asm
                   TBLPTR   0x000ff6       data     extern C:\MCC18\SRC\TRADIT~1\PROC\p18f8520.asm
                  TBLPTRH   0x000ff7       data     extern C:\MCC18\SRC\TRADIT~1\PROC\p18f8520.asm
                  TBLPTRU   0x000ff8       data     extern C:\MCC18\SRC\TRADIT~1\PROC\p18f8520.asm
                       PC   0x000ff9       data     extern C:\MCC18\SRC\TRADIT~1\PROC\p18f8520.asm
                      PCL   0x000ff9       data     extern C:\MCC18\SRC\TRADIT~1\PROC\p18f8520.asm
                   PCLATH   0x000ffa       data     extern C:\MCC18\SRC\TRADIT~1\PROC\p18f8520.asm
                   PCLATU   0x000ffb       data     extern C:\MCC18\SRC\TRADIT~1\PROC\p18f8520.asm
               STKPTRbits   0x000ffc       data     extern C:\MCC18\SRC\TRADIT~1\PROC\p18f8520.asm
                   STKPTR   0x000ffc       data     extern C:\MCC18\SRC\TRADIT~1\PROC\p18f8520.asm
                      TOS   0x000ffd       data     extern C:\MCC18\SRC\TRADIT~1\PROC\p18f8520.asm
                     TOSL   0x000ffd       data     extern C:\MCC18\SRC\TRADIT~1\PROC\p18f8520.asm
                     TOSH   0x000ffe       data     extern C:\MCC18\SRC\TRADIT~1\PROC\p18f8520.asm
                     TOSU   0x000fff       data     extern C:\MCC18\SRC\TRADIT~1\PROC\p18f8520.asm


